18:42:57 waiting for Vader IT trilogy and any GPU jobs to finish
18:42:57 still busy: jobs=1 pipelines=1
18:43:17 still busy: jobs=1 pipelines=1
18:43:37 still busy: jobs=1 pipelines=1
18:43:57 still busy: jobs=1 pipelines=1
18:44:17 still busy: jobs=1 pipelines=1
18:44:37 still busy: jobs=1 pipelines=1
18:44:57 still busy: jobs=1 pipelines=1
18:45:17 still busy: jobs=1 pipelines=1
18:45:37 still busy: jobs=1 pipelines=1
18:45:58 still busy: jobs=0 pipelines=1
18:46:18 still busy: jobs=1 pipelines=1
18:46:41 still busy: jobs=1 pipelines=1
18:47:01 still busy: jobs=1 pipelines=1
18:47:21 still busy: jobs=1 pipelines=1
18:47:41 still busy: jobs=1 pipelines=1
18:48:01 still busy: jobs=1 pipelines=1
18:48:21 still busy: jobs=1 pipelines=1
18:48:41 still busy: jobs=1 pipelines=1
18:49:01 still busy: jobs=1 pipelines=1
18:49:21 still busy: jobs=1 pipelines=1
18:49:41 still busy: jobs=1 pipelines=1
18:50:01 still busy: jobs=1 pipelines=1
18:50:21 still busy: jobs=1 pipelines=1
18:50:41 still busy: jobs=1 pipelines=1
18:51:01 still busy: jobs=1 pipelines=1
18:51:21 still busy: jobs=1 pipelines=1
18:51:41 still busy: jobs=1 pipelines=1
18:52:01 still busy: jobs=1 pipelines=1
18:52:22 still busy: jobs=1 pipelines=1
18:52:42 still busy: jobs=1 pipelines=1
18:53:02 still busy: jobs=1 pipelines=1
18:53:22 still busy: jobs=1 pipelines=1
18:53:42 still busy: jobs=1 pipelines=1
18:54:02 still busy: jobs=1 pipelines=1
18:54:22 still busy: jobs=1 pipelines=1
18:54:42 still busy: jobs=1 pipelines=1
18:55:02 still busy: jobs=1 pipelines=1
18:55:22 still busy: jobs=1 pipelines=1
18:55:42 still busy: jobs=1 pipelines=1
18:56:02 still busy: jobs=1 pipelines=1
18:56:22 still busy: jobs=1 pipelines=1
18:56:42 still busy: jobs=1 pipelines=1
18:57:02 still busy: jobs=1 pipelines=1
18:57:22 still busy: jobs=1 pipelines=1
18:57:42 still busy: jobs=1 pipelines=1
18:58:02 still busy: jobs=1 pipelines=1
18:58:22 still busy: jobs=1 pipelines=1
18:58:42 still busy: jobs=1 pipelines=1
18:59:02 still busy: jobs=1 pipelines=1
18:59:22 still busy: jobs=1 pipelines=1
18:59:42 still busy: jobs=1 pipelines=1
19:00:02 still busy: jobs=1 pipelines=1
19:00:22 still busy: jobs=1 pipelines=1
19:00:42 still busy: jobs=1 pipelines=1
19:01:02 still busy: jobs=1 pipelines=1
19:01:22 still busy: jobs=1 pipelines=1
19:01:42 still busy: jobs=1 pipelines=1
19:02:02 still busy: jobs=1 pipelines=1
19:02:22 still busy: jobs=1 pipelines=1
19:02:43 still busy: jobs=1 pipelines=1
19:03:03 still busy: jobs=1 pipelines=1
19:03:23 still busy: jobs=1 pipelines=1
19:03:43 still busy: jobs=1 pipelines=1
19:04:03 still busy: jobs=1 pipelines=1
19:04:23 still busy: jobs=1 pipelines=1
19:04:43 still busy: jobs=1 pipelines=1
19:05:03 still busy: jobs=1 pipelines=1
19:05:23 still busy: jobs=1 pipelines=1
19:05:43 still busy: jobs=1 pipelines=1
19:06:03 still busy: jobs=1 pipelines=1
19:06:23 still busy: jobs=1 pipelines=1
19:06:43 still busy: jobs=1 pipelines=1
19:07:03 still busy: jobs=1 pipelines=1
19:07:23 still busy: jobs=1 pipelines=1
19:07:43 still busy: jobs=1 pipelines=1
19:08:03 still busy: jobs=1 pipelines=1
19:08:23 still busy: jobs=1 pipelines=1
19:08:43 still busy: jobs=1 pipelines=1
19:09:03 still busy: jobs=1 pipelines=1
19:09:23 still busy: jobs=1 pipelines=1
19:09:43 still busy: jobs=1 pipelines=1
19:10:03 still busy: jobs=1 pipelines=1
19:10:23 still busy: jobs=1 pipelines=1
19:10:43 still busy: jobs=1 pipelines=1
19:11:03 still busy: jobs=1 pipelines=1
19:11:23 still busy: jobs=1 pipelines=1
19:11:43 still busy: jobs=1 pipelines=1
19:12:03 still busy: jobs=1 pipelines=1
19:12:23 still busy: jobs=1 pipelines=1
19:12:43 still busy: jobs=1 pipelines=1
19:13:03 still busy: jobs=1 pipelines=1
19:13:23 still busy: jobs=1 pipelines=1
19:13:43 still busy: jobs=1 pipelines=1
19:14:03 still busy: jobs=1 pipelines=1
19:14:24 still busy: jobs=1 pipelines=1
19:14:44 still busy: jobs=1 pipelines=1
19:15:04 still busy: jobs=1 pipelines=1
19:15:24 still busy: jobs=1 pipelines=1
19:15:44 still busy: jobs=1 pipelines=1
19:16:04 still busy: jobs=1 pipelines=1
19:16:24 still busy: jobs=1 pipelines=1
19:16:44 still busy: jobs=1 pipelines=1
19:17:04 still busy: jobs=1 pipelines=1
19:17:24 still busy: jobs=1 pipelines=1
19:17:44 still busy: jobs=1 pipelines=1
19:18:04 still busy: jobs=1 pipelines=1
19:18:24 still busy: jobs=1 pipelines=1
19:18:44 still busy: jobs=1 pipelines=1
19:19:04 still busy: jobs=1 pipelines=1
19:19:24 still busy: jobs=1 pipelines=1
19:19:44 still busy: jobs=1 pipelines=1
19:20:04 still busy: jobs=1 pipelines=1
19:20:24 still busy: jobs=1 pipelines=1
19:20:44 still busy: jobs=1 pipelines=1
19:21:04 still busy: jobs=1 pipelines=1
19:21:24 still busy: jobs=1 pipelines=1
19:21:44 still busy: jobs=1 pipelines=1
19:22:04 still busy: jobs=1 pipelines=1
19:22:24 still busy: jobs=1 pipelines=1
19:22:44 still busy: jobs=1 pipelines=1
19:23:05 still busy: jobs=1 pipelines=1
19:23:25 still busy: jobs=1 pipelines=1
19:23:45 still busy: jobs=1 pipelines=1
19:24:05 still busy: jobs=1 pipelines=1
19:24:25 still busy: jobs=1 pipelines=1
19:24:45 still busy: jobs=1 pipelines=1
19:25:05 still busy: jobs=1 pipelines=1
19:25:25 still busy: jobs=1 pipelines=1
19:25:45 still busy: jobs=1 pipelines=1
19:26:05 still busy: jobs=1 pipelines=1
19:26:25 still busy: jobs=1 pipelines=1
19:26:45 still busy: jobs=1 pipelines=1
19:27:05 still busy: jobs=1 pipelines=1
19:27:25 still busy: jobs=1 pipelines=1
19:27:45 still busy: jobs=1 pipelines=1
19:28:05 still busy: jobs=1 pipelines=1
19:28:25 still busy: jobs=1 pipelines=1
19:28:45 still busy: jobs=1 pipelines=1
19:29:05 still busy: jobs=1 pipelines=1
19:29:25 still busy: jobs=1 pipelines=1
19:29:45 still busy: jobs=1 pipelines=1
19:30:05 still busy: jobs=1 pipelines=1
19:30:25 still busy: jobs=1 pipelines=1
19:30:45 still busy: jobs=1 pipelines=1
19:31:05 still busy: jobs=1 pipelines=1
19:31:25 still busy: jobs=1 pipelines=1
19:31:45 still busy: jobs=1 pipelines=1
19:32:05 still busy: jobs=1 pipelines=1
19:32:25 still busy: jobs=1 pipelines=1
19:32:45 still busy: jobs=1 pipelines=1
19:33:05 still busy: jobs=1 pipelines=1
19:33:26 still busy: jobs=1 pipelines=1
19:33:46 still busy: jobs=1 pipelines=1
19:34:06 still busy: jobs=1 pipelines=1
19:34:26 still busy: jobs=0 pipelines=1
19:34:46 still busy: jobs=1 pipelines=1
19:35:06 still busy: jobs=1 pipelines=1
19:35:26 still busy: jobs=1 pipelines=1
19:35:46 still busy: jobs=1 pipelines=1
19:36:06 still busy: jobs=1 pipelines=1
19:36:26 still busy: jobs=1 pipelines=1
19:36:46 still busy: jobs=1 pipelines=1
19:37:06 still busy: jobs=1 pipelines=1
19:37:26 still busy: jobs=1 pipelines=1
19:37:46 still busy: jobs=1 pipelines=1
19:38:06 still busy: jobs=1 pipelines=1
19:38:26 still busy: jobs=1 pipelines=1
19:38:46 still busy: jobs=1 pipelines=1
19:39:06 still busy: jobs=1 pipelines=1
19:39:26 still busy: jobs=1 pipelines=1
19:39:46 still busy: jobs=1 pipelines=1
19:40:06 still busy: jobs=1 pipelines=1
19:40:26 still busy: jobs=1 pipelines=1
19:40:47 still busy: jobs=1 pipelines=1
19:41:07 GPU idle; starting claymation Bag End
19:41:10 pipeline 10e996ae
19:41:10 pipeline 10e996ae running/planning: Starting...
19:41:30 pipeline 10e996ae running/planning: minimax / MiniMax-M3 is writing the timed shot plan: scene, action, camera, and final generation prompt. Waiting for the remote response; image and video generation have not started.
19:42:16 pipeline 10e996ae running/planning: minimax / MiniMax-M3 is writing the timed shot plan: scene, action, camera, and final generation prompt. Waiting for the remote response; image and video generation have not started.
19:42:36 pipeline 10e996ae running/planning: minimax / MiniMax-M3 is writing the timed shot plan: scene, action, camera, and final generation prompt. Waiting for the remote response; image and video generation have not started.
19:42:57 pipeline 10e996ae running/planning: minimax / MiniMax-M3 is writing the timed shot plan: scene, action, camera, and final generation prompt. Waiting for the remote response; image and video generation have not started.
19:43:17 pipeline 10e996ae running/planning: minimax / MiniMax-M3 is writing the timed shot plan: scene, action, camera, and final generation prompt. Waiting for the remote response; image and video generation have not started.
19:43:37 pipeline 10e996ae running/planning: minimax / MiniMax-M3 is writing the timed shot plan: scene, action, camera, and final generation prompt. Waiting for the remote response; image and video generation have not started.
19:44:09 pipeline 10e996ae running/planning: minimax / MiniMax-M3 is writing the timed shot plan: scene, action, camera, and final generation prompt. Waiting for the remote response; image and video generation have not started.
19:44:29 pipeline 10e996ae running/planning: minimax / MiniMax-M3 is writing the timed shot plan: scene, action, camera, and final generation prompt. Waiting for the remote response; image and video generation have not started.
19:44:49 pipeline 10e996ae running/planning: minimax / MiniMax-M3 is writing the timed shot plan: scene, action, camera, and final generation prompt. Waiting for the remote response; image and video generation have not started.
19:45:09 pipeline 10e996ae running/planning: minimax / MiniMax-M3 is writing the timed shot plan: scene, action, camera, and final generation prompt. Waiting for the remote response; image and video generation have not started.
19:45:29 pipeline 10e996ae running/planning: minimax / MiniMax-M3 is writing the timed shot plan: scene, action, camera, and final generation prompt. Waiting for the remote response; image and video generation have not started.
19:45:49 pipeline 10e996ae running/planning: minimax / MiniMax-M3 is writing the timed shot plan: scene, action, camera, and final generation prompt. Waiting for the remote response; image and video generation have not started.
19:46:09 pipeline 10e996ae running/planning: minimax / MiniMax-M3 is writing the timed shot plan: scene, action, camera, and final generation prompt. Waiting for the remote response; image and video generation have not started.
19:46:29 pipeline 10e996ae running/planning: minimax / MiniMax-M3 is writing the timed shot plan: scene, action, camera, and final generation prompt. Waiting for the remote response; image and video generation have not started.
19:46:49 pipeline 10e996ae running/planning: minimax / MiniMax-M3 is writing the timed shot plan: scene, action, camera, and final generation prompt. Waiting for the remote response; image and video generation have not started.
19:47:09 pipeline 10e996ae running/planning: minimax / MiniMax-M3 is writing the timed shot plan: scene, action, camera, and final generation prompt. Waiting for the remote response; image and video generation have not started.
19:47:29 pipeline 10e996ae running/planning: minimax / MiniMax-M3 is writing the timed shot plan: scene, action, camera, and final generation prompt. Waiting for the remote response; image and video generation have not started.
19:47:49 pipeline 10e996ae running/planning: minimax / MiniMax-M3 is writing the timed shot plan: scene, action, camera, and final generation prompt. Waiting for the remote response; image and video generation have not started.
19:48:09 pipeline 10e996ae running/planning: minimax / MiniMax-M3 is writing the timed shot plan: scene, action, camera, and final generation prompt. Waiting for the remote response; image and video generation have not started.
19:48:29 pipeline 10e996ae running/planning: minimax / MiniMax-M3 is writing the timed shot plan: scene, action, camera, and final generation prompt. Waiting for the remote response; image and video generation have not started.
19:48:50 pipeline 10e996ae running/planning: minimax / MiniMax-M3 is writing the timed shot plan: scene, action, camera, and final generation prompt. Waiting for the remote response; image and video generation have not started.
19:49:10 pipeline 10e996ae running/planning: minimax / MiniMax-M3 is writing the timed shot plan: scene, action, camera, and final generation prompt. Waiting for the remote response; image and video generation have not started.
19:49:30 pipeline 10e996ae running/planning: minimax / MiniMax-M3 is writing the timed shot plan: scene, action, camera, and final generation prompt. Waiting for the remote response; image and video generation have not started.
19:49:50 pipeline 10e996ae running/planning: minimax / MiniMax-M3 is writing the timed shot plan: scene, action, camera, and final generation prompt. Waiting for the remote response; image and video generation have not started.
19:50:10 pipeline 10e996ae failed/generating_video: Error: MiniMax H3 dialogue tags are unbalanced after compilation.
19:53:12 waiting for Vader IT trilogy and any GPU jobs to finish
19:53:12 still busy: jobs=1 pipelines=1 vader_script=yes
19:53:32 still busy: jobs=1 pipelines=1 vader_script=yes
19:53:52 still busy: jobs=1 pipelines=1 vader_script=yes
19:54:12 still busy: jobs=1 pipelines=1 vader_script=yes
19:54:32 still busy: jobs=1 pipelines=1 vader_script=yes
19:54:52 still busy: jobs=1 pipelines=1 vader_script=yes
19:55:13 still busy: jobs=1 pipelines=1 vader_script=yes
19:55:33 still busy: jobs=1 pipelines=1 vader_script=yes
19:55:53 still busy: jobs=1 pipelines=1 vader_script=yes
19:56:13 still busy: jobs=1 pipelines=1 vader_script=yes
19:56:33 still busy: jobs=1 pipelines=1 vader_script=yes
19:56:53 still busy: jobs=1 pipelines=1 vader_script=yes
19:57:13 still busy: jobs=1 pipelines=1 vader_script=yes
19:57:33 still busy: jobs=1 pipelines=1 vader_script=yes
19:57:53 still busy: jobs=1 pipelines=1 vader_script=yes
19:58:13 still busy: jobs=1 pipelines=1 vader_script=yes
19:58:33 still busy: jobs=1 pipelines=1 vader_script=yes
19:58:53 still busy: jobs=1 pipelines=1 vader_script=yes
19:59:13 still busy: jobs=1 pipelines=1 vader_script=yes
19:59:33 still busy: jobs=1 pipelines=1 vader_script=yes
19:59:53 still busy: jobs=1 pipelines=1 vader_script=yes
20:00:13 still busy: jobs=1 pipelines=1 vader_script=yes
20:00:33 still busy: jobs=1 pipelines=1 vader_script=yes
20:00:53 still busy: jobs=1 pipelines=1 vader_script=yes
20:01:13 still busy: jobs=1 pipelines=1 vader_script=yes
20:01:33 still busy: jobs=1 pipelines=1 vader_script=yes
20:01:53 still busy: jobs=1 pipelines=1 vader_script=yes
20:02:13 still busy: jobs=1 pipelines=1 vader_script=yes
20:02:33 still busy: jobs=1 pipelines=1 vader_script=yes
20:02:53 still busy: jobs=1 pipelines=1 vader_script=yes
20:03:13 still busy: jobs=1 pipelines=1 vader_script=yes
20:03:33 still busy: jobs=1 pipelines=1 vader_script=yes
20:03:53 still busy: jobs=1 pipelines=1 vader_script=yes
20:04:13 still busy: jobs=1 pipelines=1 vader_script=yes
20:04:34 still busy: jobs=1 pipelines=1 vader_script=yes
20:04:54 still busy: jobs=1 pipelines=1 vader_script=yes
20:05:17 still busy: jobs=1 pipelines=1 vader_script=yes
20:05:37 still busy: jobs=1 pipelines=1 vader_script=yes
20:05:57 still busy: jobs=1 pipelines=1 vader_script=yes
20:06:18 still busy: jobs=1 pipelines=1 vader_script=yes
20:06:38 still busy: jobs=1 pipelines=1 vader_script=yes
20:06:58 still busy: jobs=1 pipelines=1 vader_script=yes
20:07:18 still busy: jobs=1 pipelines=1 vader_script=yes
20:07:38 still busy: jobs=1 pipelines=1 vader_script=yes
20:07:58 still busy: jobs=1 pipelines=1 vader_script=yes
20:08:18 still busy: jobs=1 pipelines=1 vader_script=yes
20:08:38 still busy: jobs=1 pipelines=1 vader_script=yes
20:08:58 still busy: jobs=1 pipelines=1 vader_script=yes
20:09:18 still busy: jobs=1 pipelines=1 vader_script=yes
20:09:38 still busy: jobs=1 pipelines=1 vader_script=yes
20:09:58 still busy: jobs=1 pipelines=1 vader_script=yes
20:10:18 still busy: jobs=1 pipelines=1 vader_script=yes
20:10:38 still busy: jobs=1 pipelines=1 vader_script=yes
20:10:58 still busy: jobs=1 pipelines=1 vader_script=yes
20:11:18 still busy: jobs=1 pipelines=1 vader_script=yes
20:11:38 still busy: jobs=1 pipelines=1 vader_script=yes
20:11:58 still busy: jobs=1 pipelines=1 vader_script=yes
20:12:18 still busy: jobs=1 pipelines=1 vader_script=yes
20:12:38 still busy: jobs=1 pipelines=1 vader_script=yes
20:12:58 still busy: jobs=1 pipelines=1 vader_script=yes
20:13:18 still busy: jobs=1 pipelines=1 vader_script=yes
20:13:38 still busy: jobs=1 pipelines=1 vader_script=yes
20:13:59 still busy: jobs=1 pipelines=1 vader_script=yes
20:14:19 still busy: jobs=1 pipelines=1 vader_script=yes
20:14:39 still busy: jobs=1 pipelines=1 vader_script=yes
20:14:59 still busy: jobs=1 pipelines=1 vader_script=yes
20:15:19 still busy: jobs=1 pipelines=1 vader_script=yes
20:15:39 still busy: jobs=1 pipelines=1 vader_script=yes
20:15:59 still busy: jobs=1 pipelines=1 vader_script=yes
20:16:19 still busy: jobs=1 pipelines=1 vader_script=yes
20:16:39 still busy: jobs=1 pipelines=1 vader_script=yes
20:17:00 still busy: jobs=1 pipelines=1 vader_script=yes
20:17:20 still busy: jobs=1 pipelines=1 vader_script=yes
20:17:40 still busy: jobs=1 pipelines=1 vader_script=yes
20:18:00 still busy: jobs=1 pipelines=1 vader_script=yes
20:18:20 still busy: jobs=1 pipelines=1 vader_script=yes
20:19:17 still busy: jobs=1 pipelines=1 vader_script=yes
20:19:37 still busy: jobs=1 pipelines=1 vader_script=yes
20:19:57 still busy: jobs=1 pipelines=1 vader_script=yes
20:20:18 still busy: jobs=1 pipelines=1 vader_script=yes
20:20:38 still busy: jobs=1 pipelines=1 vader_script=yes
20:20:58 still busy: jobs=1 pipelines=1 vader_script=yes
20:21:18 still busy: jobs=1 pipelines=1 vader_script=yes
20:21:38 still busy: jobs=1 pipelines=1 vader_script=yes
20:21:58 still busy: jobs=1 pipelines=1 vader_script=yes
20:22:18 still busy: jobs=1 pipelines=1 vader_script=yes
20:22:38 still busy: jobs=1 pipelines=1 vader_script=yes
20:22:58 still busy: jobs=1 pipelines=1 vader_script=yes
20:23:18 still busy: jobs=1 pipelines=1 vader_script=yes
20:23:38 still busy: jobs=1 pipelines=1 vader_script=yes
20:23:58 still busy: jobs=1 pipelines=1 vader_script=yes
20:24:18 still busy: jobs=1 pipelines=1 vader_script=yes
20:24:38 still busy: jobs=1 pipelines=1 vader_script=yes
20:24:58 still busy: jobs=1 pipelines=1 vader_script=yes
20:25:18 still busy: jobs=1 pipelines=1 vader_script=yes
20:25:38 still busy: jobs=1 pipelines=1 vader_script=yes
20:25:58 still busy: jobs=1 pipelines=1 vader_script=yes
20:26:18 still busy: jobs=1 pipelines=1 vader_script=yes
20:26:38 still busy: jobs=1 pipelines=1 vader_script=yes
20:26:58 still busy: jobs=1 pipelines=1 vader_script=yes
20:27:18 still busy: jobs=1 pipelines=1 vader_script=yes
20:27:38 still busy: jobs=1 pipelines=1 vader_script=yes
20:27:58 still busy: jobs=1 pipelines=1 vader_script=yes
20:28:18 still busy: jobs=1 pipelines=1 vader_script=yes
20:28:38 still busy: jobs=1 pipelines=1 vader_script=yes
20:28:58 still busy: jobs=1 pipelines=1 vader_script=yes
20:29:19 still busy: jobs=1 pipelines=1 vader_script=yes
20:29:39 still busy: jobs=1 pipelines=1 vader_script=yes
20:29:59 still busy: jobs=1 pipelines=1 vader_script=yes
20:30:19 still busy: jobs=1 pipelines=1 vader_script=yes
20:30:39 still busy: jobs=1 pipelines=1 vader_script=yes
20:30:59 still busy: jobs=1 pipelines=1 vader_script=yes
20:31:19 still busy: jobs=1 pipelines=1 vader_script=yes
20:31:39 still busy: jobs=1 pipelines=1 vader_script=yes
20:31:59 still busy: jobs=1 pipelines=1 vader_script=yes
20:32:19 still busy: jobs=1 pipelines=1 vader_script=yes
20:32:39 still busy: jobs=1 pipelines=1 vader_script=yes
20:32:59 still busy: jobs=1 pipelines=1 vader_script=yes
20:33:19 still busy: jobs=1 pipelines=1 vader_script=yes
20:33:39 still busy: jobs=1 pipelines=1 vader_script=yes
20:33:59 still busy: jobs=1 pipelines=1 vader_script=yes
20:34:19 still busy: jobs=1 pipelines=1 vader_script=yes
20:34:39 still busy: jobs=1 pipelines=1 vader_script=yes
20:34:59 still busy: jobs=1 pipelines=1 vader_script=yes
20:35:19 still busy: jobs=1 pipelines=1 vader_script=yes
20:35:39 still busy: jobs=1 pipelines=1 vader_script=yes
20:35:59 still busy: jobs=1 pipelines=1 vader_script=yes
20:36:19 still busy: jobs=1 pipelines=1 vader_script=yes
20:36:39 still busy: jobs=1 pipelines=1 vader_script=yes
20:36:59 still busy: jobs=1 pipelines=1 vader_script=yes
20:37:19 still busy: jobs=1 pipelines=1 vader_script=yes
20:37:40 still busy: jobs=1 pipelines=1 vader_script=yes
20:38:00 still busy: jobs=1 pipelines=1 vader_script=yes
20:38:20 still busy: jobs=1 pipelines=1 vader_script=yes
20:38:40 still busy: jobs=1 pipelines=1 vader_script=yes
20:39:00 still busy: jobs=1 pipelines=1 vader_script=yes
20:39:20 still busy: jobs=1 pipelines=1 vader_script=yes
20:39:40 still busy: jobs=1 pipelines=1 vader_script=yes
20:40:00 still busy: jobs=1 pipelines=1 vader_script=yes
20:40:20 still busy: jobs=1 pipelines=1 vader_script=yes
20:40:40 still busy: jobs=1 pipelines=1 vader_script=yes
20:41:00 still busy: jobs=1 pipelines=1 vader_script=yes
20:41:20 still busy: jobs=1 pipelines=1 vader_script=yes
20:41:40 still busy: jobs=1 pipelines=1 vader_script=yes
20:42:00 still busy: jobs=1 pipelines=1 vader_script=yes
20:42:20 still busy: jobs=1 pipelines=1 vader_script=yes
20:42:40 still busy: jobs=1 pipelines=1 vader_script=yes
20:43:00 still busy: jobs=1 pipelines=1 vader_script=yes
20:43:20 still busy: jobs=1 pipelines=1 vader_script=yes
20:43:40 still busy: jobs=1 pipelines=1 vader_script=yes
20:44:00 still busy: jobs=1 pipelines=1 vader_script=yes
20:44:20 still busy: jobs=1 pipelines=1 vader_script=yes
20:44:40 still busy: jobs=1 pipelines=1 vader_script=yes
20:45:00 still busy: jobs=1 pipelines=1 vader_script=yes
20:45:20 still busy: jobs=1 pipelines=1 vader_script=yes
20:45:41 still busy: jobs=1 pipelines=1 vader_script=yes
20:46:01 still busy: jobs=1 pipelines=1 vader_script=yes
20:46:21 still busy: jobs=1 pipelines=1 vader_script=yes
20:46:41 still busy: jobs=1 pipelines=1 vader_script=yes
20:47:01 still busy: jobs=1 pipelines=1 vader_script=yes
20:47:21 still busy: jobs=1 pipelines=1 vader_script=yes
20:47:41 still busy: jobs=1 pipelines=1 vader_script=yes
20:48:01 still busy: jobs=1 pipelines=1 vader_script=yes
20:48:21 still busy: jobs=1 pipelines=1 vader_script=yes
20:48:41 still busy: jobs=1 pipelines=1 vader_script=yes
20:49:01 still busy: jobs=1 pipelines=1 vader_script=yes
20:49:21 still busy: jobs=1 pipelines=1 vader_script=yes
20:49:41 still busy: jobs=1 pipelines=1 vader_script=yes
20:50:01 still busy: jobs=1 pipelines=1 vader_script=yes
20:50:21 still busy: jobs=1 pipelines=1 vader_script=yes
20:50:41 still busy: jobs=1 pipelines=1 vader_script=yes
20:51:01 still busy: jobs=1 pipelines=1 vader_script=yes
20:51:21 still busy: jobs=1 pipelines=1 vader_script=yes
20:51:41 still busy: jobs=0 pipelines=0 vader_script=yes
20:52:25 still busy: jobs=1 pipelines=0 vader_script=yes
20:52:45 still busy: jobs=1 pipelines=0 vader_script=yes
20:53:05 still busy: jobs=1 pipelines=0 vader_script=yes
20:53:25 still busy: jobs=1 pipelines=0 vader_script=yes
20:53:52 still busy: jobs=0 pipelines=0 vader_script=yes
20:54:12 still busy: jobs=0 pipelines=1 vader_script=yes
20:54:32 still busy: jobs=1 pipelines=1 vader_script=yes
20:54:52 still busy: jobs=1 pipelines=1 vader_script=yes
20:55:12 still busy: jobs=1 pipelines=1 vader_script=yes
20:55:32 still busy: jobs=1 pipelines=1 vader_script=yes
20:55:52 still busy: jobs=1 pipelines=1 vader_script=yes
20:56:12 still busy: jobs=1 pipelines=1 vader_script=yes
20:56:32 still busy: jobs=1 pipelines=1 vader_script=yes
20:56:52 still busy: jobs=1 pipelines=1 vader_script=yes
20:57:12 still busy: jobs=1 pipelines=1 vader_script=yes
20:57:32 still busy: jobs=1 pipelines=1 vader_script=yes
20:57:52 still busy: jobs=1 pipelines=1 vader_script=yes
20:58:12 still busy: jobs=1 pipelines=1 vader_script=yes
20:58:32 still busy: jobs=1 pipelines=1 vader_script=yes
20:58:52 still busy: jobs=1 pipelines=1 vader_script=yes
20:59:13 still busy: jobs=1 pipelines=1 vader_script=yes
20:59:33 still busy: jobs=1 pipelines=1 vader_script=yes
20:59:53 still busy: jobs=1 pipelines=1 vader_script=yes
21:00:13 still busy: jobs=1 pipelines=1 vader_script=yes
21:00:34 still busy: jobs=1 pipelines=1 vader_script=yes
21:00:54 still busy: jobs=1 pipelines=1 vader_script=yes
21:01:14 still busy: jobs=1 pipelines=1 vader_script=yes
21:01:34 still busy: jobs=1 pipelines=1 vader_script=yes
21:01:54 still busy: jobs=1 pipelines=1 vader_script=yes
21:02:14 still busy: jobs=1 pipelines=1 vader_script=yes
21:02:34 still busy: jobs=1 pipelines=1 vader_script=yes
21:02:54 still busy: jobs=1 pipelines=1 vader_script=yes
21:03:14 still busy: jobs=1 pipelines=1 vader_script=yes
21:03:34 still busy: jobs=1 pipelines=1 vader_script=yes
21:03:54 still busy: jobs=1 pipelines=1 vader_script=yes
21:04:14 still busy: jobs=1 pipelines=1 vader_script=yes
21:04:34 still busy: jobs=1 pipelines=1 vader_script=yes
21:04:54 still busy: jobs=1 pipelines=1 vader_script=yes
21:05:14 still busy: jobs=1 pipelines=1 vader_script=yes
21:05:34 still busy: jobs=1 pipelines=1 vader_script=yes
21:05:54 still busy: jobs=1 pipelines=1 vader_script=yes
21:06:14 still busy: jobs=1 pipelines=1 vader_script=yes
21:06:34 still busy: jobs=1 pipelines=1 vader_script=yes
21:06:54 still busy: jobs=1 pipelines=1 vader_script=yes
21:07:14 still busy: jobs=1 pipelines=1 vader_script=yes
21:07:34 still busy: jobs=1 pipelines=1 vader_script=yes
21:07:54 still busy: jobs=1 pipelines=1 vader_script=yes
21:08:14 still busy: jobs=1 pipelines=1 vader_script=yes
21:08:34 still busy: jobs=1 pipelines=1 vader_script=yes
21:08:54 still busy: jobs=1 pipelines=1 vader_script=yes
21:09:14 still busy: jobs=1 pipelines=1 vader_script=yes
21:09:34 still busy: jobs=1 pipelines=1 vader_script=yes
21:09:55 still busy: jobs=1 pipelines=1 vader_script=yes
21:10:15 still busy: jobs=1 pipelines=1 vader_script=yes
21:10:35 still busy: jobs=1 pipelines=1 vader_script=yes
21:10:55 still busy: jobs=1 pipelines=1 vader_script=yes
21:11:15 still busy: jobs=1 pipelines=1 vader_script=yes
21:11:35 still busy: jobs=1 pipelines=1 vader_script=yes
21:11:55 still busy: jobs=1 pipelines=1 vader_script=yes
21:12:15 still busy: jobs=1 pipelines=1 vader_script=yes
21:12:35 still busy: jobs=1 pipelines=1 vader_script=yes
21:12:55 still busy: jobs=1 pipelines=1 vader_script=yes
21:13:15 still busy: jobs=1 pipelines=1 vader_script=yes
21:13:35 still busy: jobs=1 pipelines=1 vader_script=yes
21:13:55 still busy: jobs=1 pipelines=1 vader_script=yes
21:14:15 still busy: jobs=1 pipelines=1 vader_script=yes
21:14:35 still busy: jobs=1 pipelines=1 vader_script=yes
21:14:55 still busy: jobs=1 pipelines=1 vader_script=yes
21:15:15 still busy: jobs=1 pipelines=1 vader_script=yes
21:15:35 still busy: jobs=1 pipelines=1 vader_script=yes
21:15:55 still busy: jobs=1 pipelines=1 vader_script=yes
21:16:15 still busy: jobs=1 pipelines=1 vader_script=yes
21:16:35 still busy: jobs=1 pipelines=1 vader_script=yes
21:16:55 still busy: jobs=1 pipelines=1 vader_script=yes
21:17:15 still busy: jobs=1 pipelines=1 vader_script=yes
21:17:35 still busy: jobs=1 pipelines=1 vader_script=yes
21:17:55 still busy: jobs=1 pipelines=1 vader_script=yes
21:18:15 still busy: jobs=1 pipelines=1 vader_script=yes
21:18:35 still busy: jobs=1 pipelines=1 vader_script=yes
21:18:55 still busy: jobs=1 pipelines=1 vader_script=yes
21:19:15 still busy: jobs=1 pipelines=1 vader_script=yes
21:19:36 still busy: jobs=1 pipelines=1 vader_script=yes
21:19:56 still busy: jobs=1 pipelines=1 vader_script=yes
21:20:16 still busy: jobs=1 pipelines=1 vader_script=yes
21:20:36 still busy: jobs=1 pipelines=1 vader_script=yes
21:20:56 still busy: jobs=1 pipelines=1 vader_script=yes
21:21:16 still busy: jobs=1 pipelines=1 vader_script=yes
21:21:36 still busy: jobs=1 pipelines=1 vader_script=yes
21:21:56 still busy: jobs=1 pipelines=1 vader_script=yes
21:22:16 still busy: jobs=1 pipelines=1 vader_script=yes
21:22:36 still busy: jobs=1 pipelines=1 vader_script=yes
21:22:56 still busy: jobs=1 pipelines=1 vader_script=yes
21:23:16 still busy: jobs=1 pipelines=1 vader_script=yes
21:23:36 still busy: jobs=1 pipelines=1 vader_script=yes
21:23:56 still busy: jobs=1 pipelines=1 vader_script=yes
21:24:16 still busy: jobs=1 pipelines=1 vader_script=yes
21:24:36 still busy: jobs=1 pipelines=1 vader_script=yes
21:24:56 still busy: jobs=1 pipelines=1 vader_script=yes
21:25:16 still busy: jobs=1 pipelines=1 vader_script=yes
21:25:36 still busy: jobs=1 pipelines=1 vader_script=yes
21:25:56 still busy: jobs=1 pipelines=1 vader_script=yes
21:26:16 still busy: jobs=1 pipelines=1 vader_script=yes
21:26:36 still busy: jobs=1 pipelines=1 vader_script=yes
21:26:56 still busy: jobs=1 pipelines=1 vader_script=yes
21:27:16 still busy: jobs=1 pipelines=1 vader_script=yes
21:27:36 still busy: jobs=1 pipelines=1 vader_script=yes
21:27:56 still busy: jobs=1 pipelines=1 vader_script=yes
21:28:17 still busy: jobs=1 pipelines=1 vader_script=yes
21:28:37 still busy: jobs=1 pipelines=1 vader_script=yes
21:28:57 still busy: jobs=1 pipelines=1 vader_script=yes
21:29:17 still busy: jobs=1 pipelines=1 vader_script=yes
21:29:37 still busy: jobs=1 pipelines=1 vader_script=yes
21:29:57 still busy: jobs=1 pipelines=1 vader_script=yes
21:30:17 still busy: jobs=1 pipelines=1 vader_script=yes
21:30:37 still busy: jobs=1 pipelines=1 vader_script=yes
21:30:57 still busy: jobs=1 pipelines=1 vader_script=yes
21:31:17 still busy: jobs=1 pipelines=1 vader_script=yes
21:31:37 still busy: jobs=1 pipelines=1 vader_script=yes
21:31:57 still busy: jobs=1 pipelines=1 vader_script=yes
21:32:17 still busy: jobs=1 pipelines=1 vader_script=yes
21:32:37 still busy: jobs=1 pipelines=1 vader_script=yes
21:32:57 still busy: jobs=1 pipelines=1 vader_script=yes
21:33:17 still busy: jobs=1 pipelines=1 vader_script=yes
21:33:37 still busy: jobs=1 pipelines=1 vader_script=yes
21:33:57 still busy: jobs=1 pipelines=1 vader_script=yes
21:34:17 still busy: jobs=1 pipelines=1 vader_script=yes
21:34:37 still busy: jobs=1 pipelines=1 vader_script=yes
21:34:57 still busy: jobs=1 pipelines=1 vader_script=yes
21:35:17 still busy: jobs=1 pipelines=1 vader_script=yes
21:35:38 still busy: jobs=1 pipelines=1 vader_script=yes
21:35:58 still busy: jobs=1 pipelines=1 vader_script=yes
21:36:18 still busy: jobs=1 pipelines=1 vader_script=yes
21:36:38 still busy: jobs=1 pipelines=1 vader_script=yes
21:36:58 still busy: jobs=1 pipelines=1 vader_script=yes
21:37:18 still busy: jobs=1 pipelines=1 vader_script=yes
21:37:38 still busy: jobs=1 pipelines=1 vader_script=yes
21:37:58 still busy: jobs=1 pipelines=1 vader_script=yes
21:38:18 still busy: jobs=1 pipelines=1 vader_script=yes
21:38:38 still busy: jobs=1 pipelines=1 vader_script=yes
21:38:58 still busy: jobs=1 pipelines=1 vader_script=yes
21:39:18 still busy: jobs=1 pipelines=1 vader_script=yes
21:39:38 still busy: jobs=1 pipelines=1 vader_script=yes
21:39:58 still busy: jobs=1 pipelines=1 vader_script=yes
21:40:18 still busy: jobs=1 pipelines=1 vader_script=yes
21:40:38 still busy: jobs=1 pipelines=1 vader_script=yes
21:40:58 still busy: jobs=1 pipelines=1 vader_script=yes
21:41:18 still busy: jobs=1 pipelines=1 vader_script=yes
21:41:38 still busy: jobs=1 pipelines=1 vader_script=yes
21:41:58 still busy: jobs=1 pipelines=1 vader_script=yes
21:42:18 still busy: jobs=1 pipelines=1 vader_script=yes
21:42:38 still busy: jobs=1 pipelines=1 vader_script=yes
21:42:58 still busy: jobs=1 pipelines=1 vader_script=yes
21:43:18 still busy: jobs=1 pipelines=1 vader_script=yes
21:43:38 still busy: jobs=1 pipelines=1 vader_script=yes
21:43:59 still busy: jobs=1 pipelines=1 vader_script=yes
21:44:19 still busy: jobs=1 pipelines=1 vader_script=yes
21:44:39 still busy: jobs=1 pipelines=1 vader_script=yes
21:44:59 still busy: jobs=1 pipelines=1 vader_script=yes
21:45:19 still busy: jobs=1 pipelines=1 vader_script=yes
21:45:39 still busy: jobs=1 pipelines=1 vader_script=yes
21:45:59 still busy: jobs=1 pipelines=1 vader_script=yes
21:46:19 still busy: jobs=1 pipelines=1 vader_script=yes
21:46:39 still busy: jobs=1 pipelines=1 vader_script=yes
21:46:59 still busy: jobs=1 pipelines=1 vader_script=yes
21:47:19 still busy: jobs=1 pipelines=1 vader_script=yes
21:47:39 still busy: jobs=1 pipelines=1 vader_script=yes
21:47:59 still busy: jobs=1 pipelines=1 vader_script=yes
21:48:19 still busy: jobs=1 pipelines=1 vader_script=yes
21:48:39 still busy: jobs=1 pipelines=1 vader_script=yes
21:48:59 still busy: jobs=1 pipelines=1 vader_script=yes
21:49:19 still busy: jobs=1 pipelines=1 vader_script=yes
21:49:39 still busy: jobs=1 pipelines=1 vader_script=yes
21:50:00 still busy: jobs=1 pipelines=1 vader_script=yes
21:50:20 still busy: jobs=1 pipelines=1 vader_script=yes
21:50:40 still busy: jobs=1 pipelines=1 vader_script=yes
21:51:00 still busy: jobs=1 pipelines=1 vader_script=yes
21:51:20 still busy: jobs=1 pipelines=1 vader_script=yes
21:51:40 still busy: jobs=1 pipelines=1 vader_script=yes
21:52:00 still busy: jobs=1 pipelines=1 vader_script=yes
21:52:20 still busy: jobs=1 pipelines=1 vader_script=yes
21:52:40 still busy: jobs=1 pipelines=1 vader_script=yes
21:53:00 still busy: jobs=1 pipelines=1 vader_script=yes
21:53:20 still busy: jobs=1 pipelines=1 vader_script=yes
21:53:40 still busy: jobs=1 pipelines=1 vader_script=yes
21:54:00 still busy: jobs=1 pipelines=1 vader_script=yes
21:54:20 GPU idle; starting claymation Bag End
21:54:36 pipeline 16816e90
21:54:36 pipeline 16816e90 failed/planning: Error: local variable 'copy' referenced before assignment
21:58:11 waiting for Vader IT trilogy and any GPU jobs to finish
21:58:11 GPU idle; starting claymation Bag End
21:58:29 queued shot-1 estableciendo: 6a799f6c
21:58:38 queued shot-2 llamada: d7003e38
21:58:40 queued shot-3 llegas-tarde: 29f21a1f
21:58:45 queued shot-4 un-mago-nunca: a658f6d9
21:58:50 queued shot-5 entra: 7a2f5d75
21:58:54 queued shot-6 el-te: eaec50c0
21:58:58 queued shot-7 hogar: b69c48a8
21:59:02 queued shot-8 humo: 90ee45ba
21:59:02 job 6a799f6c running: Loading MiniMax H3 and generating native video + stereo audio…
21:59:23 job 6a799f6c running: Loading MiniMax H3 and generating native video + stereo audio…
21:59:43 job 6a799f6c running: Loading MiniMax H3 and generating native video + stereo audio…
22:00:03 job 6a799f6c running: Loading MiniMax H3 and generating native video + stereo audio…
22:00:23 job 6a799f6c running: Loading MiniMax H3 and generating native video + stereo audio…
22:00:43 job 6a799f6c running: Loading MiniMax H3 and generating native video + stereo audio…
22:01:03 job 6a799f6c running: Loading MiniMax H3 and generating native video + stereo audio…
22:01:23 job 6a799f6c running: MiniMax H3 sampling — step 1/20
22:01:43 job 6a799f6c running: MiniMax H3 sampling — step 2/20
22:02:03 job 6a799f6c running: MiniMax H3 sampling — step 3/20
22:02:23 job 6a799f6c running: MiniMax H3 sampling — step 4/20
22:02:43 job 6a799f6c running: MiniMax H3 sampling — step 5/20
22:03:03 job 6a799f6c running: MiniMax H3 sampling — step 6/20
22:03:23 job 6a799f6c running: MiniMax H3 sampling — step 7/20
22:03:43 job 6a799f6c running: MiniMax H3 sampling — step 7/20
22:04:03 job 6a799f6c running: MiniMax H3 sampling — step 8/20
22:04:23 job 6a799f6c running: MiniMax H3 sampling — step 9/20
22:04:43 job 6a799f6c running: MiniMax H3 sampling — step 10/20
22:05:03 job 6a799f6c running: MiniMax H3 sampling — step 11/20
22:05:23 job 6a799f6c running: MiniMax H3 sampling — step 12/20
22:05:43 job 6a799f6c running: MiniMax H3 sampling — step 13/20
22:06:03 job 6a799f6c running: MiniMax H3 sampling — step 13/20
22:06:23 job 6a799f6c running: MiniMax H3 sampling — step 14/20
22:06:43 job 6a799f6c running: MiniMax H3 sampling — step 15/20
22:07:03 job 6a799f6c running: MiniMax H3 sampling — step 16/20
22:07:23 job 6a799f6c running: MiniMax H3 sampling — step 17/20
22:07:43 job 6a799f6c running: MiniMax H3 sampling — step 18/20
22:08:03 job 6a799f6c running: MiniMax H3 sampling — step 19/20
22:08:23 job 6a799f6c running: MiniMax H3 sampling — step 19/20
22:08:43 job 6a799f6c running: MiniMax H3 sampling complete (20/20); decoding video and audio…
22:09:03 job 6a799f6c running: MiniMax H3 sampling complete (20/20); decoding video and audio…
22:09:23 job 6a799f6c running: MiniMax H3 sampling complete (20/20); decoding video and audio…
22:09:43 job 6a799f6c completed: Done
22:09:43 shot-1 file=minimax_h3_6a799f6c.mp4
22:09:43 job d7003e38 running: Loading MiniMax H3 and generating native video + stereo audio…
22:10:04 job d7003e38 running: Loading MiniMax H3 and generating native video + stereo audio…
22:10:24 job d7003e38 running: Loading MiniMax H3 and generating native video + stereo audio…
22:10:44 job d7003e38 running: Loading MiniMax H3 and generating native video + stereo audio…
22:11:04 job d7003e38 running: Loading MiniMax H3 and generating native video + stereo audio…
22:11:24 job d7003e38 running: Loading MiniMax H3 and generating native video + stereo audio…
22:11:44 job d7003e38 running: MiniMax H3 sampling — step 1/20
22:12:04 job d7003e38 running: MiniMax H3 sampling — step 3/20
22:12:24 job d7003e38 running: MiniMax H3 sampling — step 4/20
22:12:44 job d7003e38 running: MiniMax H3 sampling — step 5/20
22:13:04 job d7003e38 running: MiniMax H3 sampling — step 6/20
22:13:24 job d7003e38 running: MiniMax H3 sampling — step 7/20
22:13:44 job d7003e38 running: MiniMax H3 sampling — step 8/20
22:14:04 job d7003e38 running: MiniMax H3 sampling — step 10/20
22:14:24 job d7003e38 running: MiniMax H3 sampling — step 11/20
22:14:44 job d7003e38 running: MiniMax H3 sampling — step 12/20
22:15:04 job d7003e38 running: MiniMax H3 sampling — step 13/20
22:15:24 job d7003e38 running: MiniMax H3 sampling — step 14/20
22:15:44 job d7003e38 running: MiniMax H3 sampling — step 16/20
22:16:04 job d7003e38 running: MiniMax H3 sampling — step 17/20
22:16:24 job d7003e38 running: MiniMax H3 sampling — step 18/20
22:16:44 job d7003e38 running: MiniMax H3 sampling — step 19/20
22:17:04 job d7003e38 running: MiniMax H3 sampling complete (20/20); decoding video and audio…
22:17:24 job d7003e38 running: MiniMax H3 sampling complete (20/20); decoding video and audio…
22:17:44 job d7003e38 completed: Done
22:17:44 shot-2 file=minimax_h3_d7003e38.mp4
22:17:44 job 29f21a1f running: Starting the isolated MiniMax H3 runtime…
22:18:04 job 29f21a1f running: Loading MiniMax H3 and generating native video + stereo audio…
22:18:24 job 29f21a1f running: Loading MiniMax H3 and generating native video + stereo audio…
22:18:44 job 29f21a1f running: Loading MiniMax H3 and generating native video + stereo audio…
22:19:04 job 29f21a1f running: Loading MiniMax H3 and generating native video + stereo audio…
22:19:24 job 29f21a1f running: Loading MiniMax H3 and generating native video + stereo audio…
22:19:44 job 29f21a1f running: MiniMax H3 sampling — step 2/20
22:20:04 job 29f21a1f running: MiniMax H3 sampling — step 6/20
22:20:24 job 29f21a1f running: MiniMax H3 sampling — step 9/20
22:20:44 job 29f21a1f running: MiniMax H3 sampling — step 13/20
22:21:04 job 29f21a1f running: MiniMax H3 sampling — step 16/20
22:21:24 job 29f21a1f running: MiniMax H3 sampling complete (20/20); decoding video and audio…
22:21:44 job 29f21a1f running: MiniMax H3 sampling complete (20/20); decoding video and audio…
22:22:04 job 29f21a1f completed: Done
22:22:04 shot-3 file=minimax_h3_29f21a1f.mp4
22:22:04 job a658f6d9 running: Loading MiniMax H3 and generating native video + stereo audio…
22:22:25 job a658f6d9 running: Loading MiniMax H3 and generating native video + stereo audio…
22:22:45 job a658f6d9 running: Loading MiniMax H3 and generating native video + stereo audio…
22:23:05 job a658f6d9 running: Loading MiniMax H3 and generating native video + stereo audio…
22:23:25 job a658f6d9 running: Loading MiniMax H3 and generating native video + stereo audio…
22:23:45 job a658f6d9 running: Loading MiniMax H3 and generating native video + stereo audio…
22:24:05 job a658f6d9 running: MiniMax H3 sampling — step 2/20
22:24:25 job a658f6d9 running: MiniMax H3 sampling — step 4/20
22:24:45 job a658f6d9 running: MiniMax H3 sampling — step 6/20
22:25:05 job a658f6d9 running: MiniMax H3 sampling — step 7/20
22:25:25 job a658f6d9 running: MiniMax H3 sampling — step 9/20
22:25:45 job a658f6d9 running: MiniMax H3 sampling — step 11/20
22:26:05 job a658f6d9 running: MiniMax H3 sampling — step 13/20
22:26:25 job a658f6d9 running: MiniMax H3 sampling — step 14/20
22:26:45 job a658f6d9 running: MiniMax H3 sampling — step 16/20
22:27:05 job a658f6d9 running: MiniMax H3 sampling — step 18/20
22:27:25 job a658f6d9 running: MiniMax H3 sampling complete (20/20); decoding video and audio…
22:27:45 job a658f6d9 running: MiniMax H3 sampling complete (20/20); decoding video and audio…
22:28:05 job a658f6d9 completed: Done
22:28:05 shot-4 file=minimax_h3_a658f6d9.mp4
22:28:05 job 7a2f5d75 running: Starting the isolated MiniMax H3 runtime…
22:28:25 job 7a2f5d75 running: Loading MiniMax H3 and generating native video + stereo audio…
22:28:45 job 7a2f5d75 running: Loading MiniMax H3 and generating native video + stereo audio…
22:29:05 job 7a2f5d75 running: Loading MiniMax H3 and generating native video + stereo audio…
22:29:25 job 7a2f5d75 running: Loading MiniMax H3 and generating native video + stereo audio…
22:29:45 job 7a2f5d75 running: Loading MiniMax H3 and generating native video + stereo audio…
22:30:05 job 7a2f5d75 running: MiniMax H3 sampling — step 2/20
22:30:25 job 7a2f5d75 running: MiniMax H3 sampling — step 6/20
22:30:45 job 7a2f5d75 running: MiniMax H3 sampling — step 10/20
22:31:05 job 7a2f5d75 running: MiniMax H3 sampling — step 13/20
22:31:25 job 7a2f5d75 running: MiniMax H3 sampling — step 17/20
22:31:45 job 7a2f5d75 running: MiniMax H3 sampling complete (20/20); decoding video and audio…
22:32:05 job 7a2f5d75 running: MiniMax H3 sampling complete (20/20); decoding video and audio…
22:32:25 job 7a2f5d75 completed: Done
22:32:25 shot-5 file=minimax_h3_7a2f5d75.mp4
22:32:25 job eaec50c0 running: Loading MiniMax H3 and generating native video + stereo audio…
22:32:45 job eaec50c0 running: Loading MiniMax H3 and generating native video + stereo audio…
22:33:05 job eaec50c0 running: Loading MiniMax H3 and generating native video + stereo audio…
22:33:25 job eaec50c0 running: Loading MiniMax H3 and generating native video + stereo audio…
22:33:45 job eaec50c0 running: Loading MiniMax H3 and generating native video + stereo audio…
22:34:05 job eaec50c0 running: MiniMax H3 sampling — step 1/20
22:34:25 job eaec50c0 running: MiniMax H3 sampling — step 5/20
22:34:45 job eaec50c0 running: MiniMax H3 sampling — step 8/20
22:35:05 job eaec50c0 running: MiniMax H3 sampling — step 12/20
22:35:25 job eaec50c0 running: MiniMax H3 sampling — step 15/20
22:35:45 job eaec50c0 running: MiniMax H3 sampling — step 19/20
22:36:05 job eaec50c0 running: MiniMax H3 sampling complete (20/20); decoding video and audio…
22:36:25 job eaec50c0 completed: Done
22:36:25 shot-6 file=minimax_h3_eaec50c0.mp4
22:36:26 job b69c48a8 running: Loading MiniMax H3 and generating native video + stereo audio…
22:36:46 job b69c48a8 running: Loading MiniMax H3 and generating native video + stereo audio…
22:37:06 job b69c48a8 running: Loading MiniMax H3 and generating native video + stereo audio…
22:37:26 job b69c48a8 running: Loading MiniMax H3 and generating native video + stereo audio…
22:37:46 job b69c48a8 running: Loading MiniMax H3 and generating native video + stereo audio…
22:38:06 job b69c48a8 running: Loading MiniMax H3 and generating native video + stereo audio…
22:38:26 job b69c48a8 running: MiniMax H3 sampling — step 1/20
22:38:46 job b69c48a8 running: MiniMax H3 sampling — step 2/20
22:39:06 job b69c48a8 running: MiniMax H3 sampling — step 3/20
22:39:26 job b69c48a8 running: MiniMax H3 sampling — step 4/20
22:39:46 job b69c48a8 running: MiniMax H3 sampling — step 5/20
22:40:06 job b69c48a8 running: MiniMax H3 sampling — step 6/20
22:40:26 job b69c48a8 running: MiniMax H3 sampling — step 7/20
22:40:46 job b69c48a8 running: MiniMax H3 sampling — step 8/20
22:41:06 job b69c48a8 running: MiniMax H3 sampling — step 9/20
22:41:26 job b69c48a8 running: MiniMax H3 sampling — step 10/20
22:41:46 job b69c48a8 running: MiniMax H3 sampling — step 11/20
22:42:06 job b69c48a8 running: MiniMax H3 sampling — step 12/20
22:42:26 job b69c48a8 running: MiniMax H3 sampling — step 13/20
22:42:46 job b69c48a8 running: MiniMax H3 sampling — step 13/20
22:43:06 job b69c48a8 running: MiniMax H3 sampling — step 14/20
22:43:26 job b69c48a8 running: MiniMax H3 sampling — step 15/20
22:43:46 job b69c48a8 running: MiniMax H3 sampling — step 16/20
22:44:06 job b69c48a8 running: MiniMax H3 sampling — step 17/20
22:44:26 job b69c48a8 running: MiniMax H3 sampling — step 18/20
22:44:46 job b69c48a8 running: MiniMax H3 sampling — step 19/20
22:45:06 job b69c48a8 running: MiniMax H3 sampling complete (20/20); decoding video and audio…
22:45:26 job b69c48a8 running: MiniMax H3 sampling complete (20/20); decoding video and audio…
22:45:46 job b69c48a8 running: MiniMax H3 sampling complete (20/20); decoding video and audio…
22:46:06 job b69c48a8 completed: Done
22:46:06 shot-7 file=minimax_h3_b69c48a8.mp4
22:46:06 job 90ee45ba running: Loading MiniMax H3 and generating native video + stereo audio…
22:46:26 job 90ee45ba running: Loading MiniMax H3 and generating native video + stereo audio…
22:46:46 job 90ee45ba running: Loading MiniMax H3 and generating native video + stereo audio…
22:47:06 job 90ee45ba running: Loading MiniMax H3 and generating native video + stereo audio…
22:47:26 job 90ee45ba running: Loading MiniMax H3 and generating native video + stereo audio…
22:47:46 job 90ee45ba running: Loading MiniMax H3 and generating native video + stereo audio…
22:48:06 job 90ee45ba running: MiniMax H3 sampling — step 1/20
22:48:26 job 90ee45ba running: MiniMax H3 sampling — step 2/20
22:48:46 job 90ee45ba running: MiniMax H3 sampling — step 3/20
22:49:06 job 90ee45ba running: MiniMax H3 sampling — step 4/20
22:49:27 job 90ee45ba running: MiniMax H3 sampling — step 5/20
22:49:47 job 90ee45ba running: MiniMax H3 sampling — step 6/20
22:50:07 job 90ee45ba running: MiniMax H3 sampling — step 7/20
22:50:27 job 90ee45ba running: MiniMax H3 sampling — step 8/20
22:50:47 job 90ee45ba running: MiniMax H3 sampling — step 9/20
22:51:07 job 90ee45ba running: MiniMax H3 sampling — step 10/20
22:51:27 job 90ee45ba running: MiniMax H3 sampling — step 11/20
22:51:47 job 90ee45ba running: MiniMax H3 sampling — step 12/20
22:52:07 job 90ee45ba running: MiniMax H3 sampling — step 13/20
22:52:27 job 90ee45ba running: MiniMax H3 sampling — step 14/20
22:52:47 job 90ee45ba running: MiniMax H3 sampling — step 15/20
22:53:07 job 90ee45ba running: MiniMax H3 sampling — step 15/20
22:53:27 job 90ee45ba running: MiniMax H3 sampling — step 16/20
22:53:47 job 90ee45ba running: MiniMax H3 sampling — step 17/20
22:54:07 job 90ee45ba running: MiniMax H3 sampling — step 18/20
22:54:27 job 90ee45ba running: MiniMax H3 sampling — step 19/20
22:54:47 job 90ee45ba running: MiniMax H3 sampling complete (20/20); decoding video and audio…
22:55:07 job 90ee45ba running: MiniMax H3 sampling complete (20/20); decoding video and audio…
22:55:27 job 90ee45ba running: MiniMax H3 sampling complete (20/20); decoding video and audio…
22:55:47 job 90ee45ba completed: Done
22:55:47 shot-8 file=minimax_h3_90ee45ba.mp4
22:55:47 concat ffmpeg -y -f concat -safe 0 -i /home/ina/pinokio/api/Maestro-next.git/scripts/claymation_bagend_concat.txt -c:v libx264 -pix_fmt yuv420p -c:a aac -movflags +faststart /home/ina/pinokio/api/Maestro-next.git/app/outputs/claymation_bagend_multiclip.mp4
22:55:50 claymation Bag End done: claymation_bagend_multiclip.mp4
02:36:55 waiting for Vader IT trilogy and any GPU jobs to finish
02:36:55 GPU idle; starting claymation Bag End
02:37:11 queued shot-1 estableciendo: 6a7ae2fc
02:37:18 queued shot-2 llamada: 2d4d7e7e
02:37:19 queued shot-3 llegas-tarde: 9a560bd6
02:37:20 queued shot-4 un-mago-nunca: f9e5c65c
02:37:23 queued shot-5 entra: b80dbd65
02:37:24 queued shot-6 el-te: 4627c82d
02:37:25 queued shot-7 hogar: 50c0699a
02:37:26 queued shot-8 humo: 42260de5
02:37:26 job 6a7ae2fc running: Loading MiniMax H3 and generating native video + stereo audio…
02:37:46 job 6a7ae2fc running: Loading MiniMax H3 and generating native video + stereo audio…
02:38:06 job 6a7ae2fc running: Loading MiniMax H3 and generating native video + stereo audio…
02:38:26 job 6a7ae2fc running: Loading MiniMax H3 and generating native video + stereo audio…
02:38:47 job 6a7ae2fc running: Loading MiniMax H3 and generating native video + stereo audio…
02:39:07 job 6a7ae2fc running: Loading MiniMax H3 and generating native video + stereo audio…
02:39:27 job 6a7ae2fc running: Loading MiniMax H3 and generating native video + stereo audio…
02:39:47 job 6a7ae2fc running: Loading MiniMax H3 and generating native video + stereo audio…
02:40:07 job 6a7ae2fc running: Loading MiniMax H3 and generating native video + stereo audio…
02:40:27 job 6a7ae2fc running: MiniMax H3 sampling — step 1/20
02:46:35 waiting for Vader IT trilogy and any GPU jobs to finish
02:46:35 GPU idle; starting claymation Bag End
02:46:50 queued shot-1 estableciendo: 8dfbcd95
02:46:50 queued shot-2 llamada: a1da3f70
02:46:54 queued shot-3 llegas-tarde: 500b0c88
02:46:54 queued shot-4 un-mago-nunca: 0974c4eb
02:46:55 queued shot-5 entra: a611d039
02:46:55 queued shot-6 el-te: 03d33ce0
02:46:56 queued shot-7 hogar: 59e2843f
02:46:57 queued shot-8 humo: ac369bd3
02:46:57 job 8dfbcd95 running: Loading MiniMax H3 and generating native video + stereo audio…
02:47:17 job 8dfbcd95 running: Loading MiniMax H3 and generating native video + stereo audio…
02:47:37 job 8dfbcd95 running: Loading MiniMax H3 and generating native video + stereo audio…
02:47:57 job 8dfbcd95 running: Loading MiniMax H3 and generating native video + stereo audio…
02:48:17 job 8dfbcd95 running: Loading MiniMax H3 and generating native video + stereo audio…
02:48:37 job 8dfbcd95 running: Loading MiniMax H3 and generating native video + stereo audio…
02:48:57 job 8dfbcd95 running: Loading MiniMax H3 and generating native video + stereo audio…
02:49:17 job 8dfbcd95 running: MiniMax H3 sampling — step 2/20
02:49:37 job 8dfbcd95 running: MiniMax H3 sampling — step 2/20
02:49:57 job 8dfbcd95 running: MiniMax H3 sampling — step 3/20
02:50:17 job 8dfbcd95 running: MiniMax H3 sampling — step 4/20
02:50:37 job 8dfbcd95 running: MiniMax H3 sampling — step 5/20
02:50:57 job 8dfbcd95 running: MiniMax H3 sampling — step 6/20
02:51:17 job 8dfbcd95 running: MiniMax H3 sampling — step 7/20
02:51:37 job 8dfbcd95 running: MiniMax H3 sampling — step 8/20
02:51:57 job 8dfbcd95 running: MiniMax H3 sampling — step 8/20
02:52:18 job 8dfbcd95 running: MiniMax H3 sampling — step 9/20
02:52:38 job 8dfbcd95 running: MiniMax H3 sampling — step 10/20
02:52:58 job 8dfbcd95 running: MiniMax H3 sampling — step 11/20
02:53:18 job 8dfbcd95 running: MiniMax H3 sampling — step 12/20
02:53:38 job 8dfbcd95 running: MiniMax H3 sampling — step 13/20
03:02:52 waiting for Vader IT trilogy and any GPU jobs to finish
03:02:52 GPU idle; starting claymation Bag End
03:03:07 queued shot-1 estableciendo: 813f5ea0
03:03:07 queued shot-2 llamada: 25713ef7
03:03:11 queued shot-3 llegas-tarde: 530b3815
03:03:11 queued shot-4 un-mago-nunca: ae1773f5
03:03:12 queued shot-5 entra: 6dc08a2b
03:03:13 queued shot-6 el-te: 964ccfb5
03:03:13 queued shot-7 hogar: 3181dd43
03:03:14 queued shot-8 humo: e9fdc118
03:03:14 job 813f5ea0 running: Loading MiniMax H3 and generating native video + stereo audio…
03:03:34 job 813f5ea0 running: Loading MiniMax H3 and generating native video + stereo audio…
03:03:54 job 813f5ea0 running: Loading MiniMax H3 and generating native video + stereo audio…
03:04:15 job 813f5ea0 running: Loading MiniMax H3 and generating native video + stereo audio…
03:04:35 job 813f5ea0 running: Loading MiniMax H3 and generating native video + stereo audio…
03:04:55 job 813f5ea0 running: Loading MiniMax H3 and generating native video + stereo audio…
03:05:15 job 813f5ea0 running: MiniMax H3 sampling — step 1/20
03:05:35 job 813f5ea0 running: MiniMax H3 sampling — step 2/20
03:05:55 job 813f5ea0 running: MiniMax H3 sampling — step 3/20
03:06:15 job 813f5ea0 running: MiniMax H3 sampling — step 3/20
03:06:35 job 813f5ea0 running: MiniMax H3 sampling — step 4/20
03:06:55 job 813f5ea0 running: MiniMax H3 sampling — step 5/20
03:07:15 job 813f5ea0 running: MiniMax H3 sampling — step 6/20
03:07:35 job 813f5ea0 running: MiniMax H3 sampling — step 7/20
03:07:55 job 813f5ea0 running: MiniMax H3 sampling — step 8/20
03:08:15 job 813f5ea0 running: MiniMax H3 sampling — step 9/20
03:08:35 job 813f5ea0 running: MiniMax H3 sampling — step 9/20
03:08:55 job 813f5ea0 running: MiniMax H3 sampling — step 10/20
03:09:15 job 813f5ea0 running: MiniMax H3 sampling — step 11/20
03:09:35 job 813f5ea0 running: MiniMax H3 sampling — step 12/20
03:09:55 job 813f5ea0 running: MiniMax H3 sampling — step 13/20
03:10:15 job 813f5ea0 running: MiniMax H3 sampling — step 14/20
03:10:35 job 813f5ea0 running: MiniMax H3 sampling — step 15/20
03:10:55 job 813f5ea0 running: MiniMax H3 sampling — step 15/20
03:11:15 job 813f5ea0 running: MiniMax H3 sampling — step 16/20
03:11:35 job 813f5ea0 running: MiniMax H3 sampling — step 17/20
03:11:55 job 813f5ea0 running: MiniMax H3 sampling — step 18/20
03:12:15 job 813f5ea0 running: MiniMax H3 sampling — step 19/20
03:12:35 job 813f5ea0 running: MiniMax H3 sampling complete (20/20); decoding video and audio…
03:12:55 job 813f5ea0 running: MiniMax H3 sampling complete (20/20); decoding video and audio…
03:13:15 job 813f5ea0 running: MiniMax H3 sampling complete (20/20); decoding video and audio…
03:13:35 job 813f5ea0 completed: Done
03:13:35 shot-1 file=minimax_h3_813f5ea0.mp4
03:13:35 job 25713ef7 running: Loading MiniMax H3 and generating native video + stereo audio…
03:13:55 job 25713ef7 running: Loading MiniMax H3 and generating native video + stereo audio…
03:14:15 job 25713ef7 running: Loading MiniMax H3 and generating native video + stereo audio…
03:14:35 job 25713ef7 running: Loading MiniMax H3 and generating native video + stereo audio…
03:14:55 job 25713ef7 running: Loading MiniMax H3 and generating native video + stereo audio…
03:15:15 job 25713ef7 running: Loading MiniMax H3 and generating native video + stereo audio…
03:15:35 job 25713ef7 running: MiniMax H3 sampling — step 1/20
03:15:55 job 25713ef7 running: MiniMax H3 sampling — step 2/20
03:16:15 job 25713ef7 running: MiniMax H3 sampling — step 3/20
03:16:35 job 25713ef7 running: MiniMax H3 sampling — step 4/20
03:16:55 job 25713ef7 running: MiniMax H3 sampling — step 6/20
03:17:15 job 25713ef7 running: MiniMax H3 sampling — step 7/20
03:17:35 job 25713ef7 running: MiniMax H3 sampling — step 8/20
03:17:55 job 25713ef7 running: MiniMax H3 sampling — step 9/20
03:18:15 job 25713ef7 running: MiniMax H3 sampling — step 10/20
03:18:35 job 25713ef7 running: MiniMax H3 sampling — step 12/20
03:18:55 job 25713ef7 running: MiniMax H3 sampling — step 13/20
03:19:15 job 25713ef7 running: MiniMax H3 sampling — step 14/20
03:19:35 job 25713ef7 running: MiniMax H3 sampling — step 15/20
03:19:55 job 25713ef7 running: MiniMax H3 sampling — step 16/20
03:20:15 job 25713ef7 running: MiniMax H3 sampling — step 18/20
03:20:36 job 25713ef7 running: MiniMax H3 sampling — step 19/20
03:20:56 job 25713ef7 running: MiniMax H3 sampling complete (20/20); decoding video and audio…
03:21:16 job 25713ef7 running: MiniMax H3 sampling complete (20/20); decoding video and audio…
03:21:36 job 25713ef7 completed: Done
03:21:36 shot-2 file=minimax_h3_25713ef7.mp4
03:21:36 job 530b3815 running: Starting the isolated MiniMax H3 runtime…
03:21:56 job 530b3815 running: Loading MiniMax H3 and generating native video + stereo audio…
03:22:16 job 530b3815 running: Loading MiniMax H3 and generating native video + stereo audio…
03:22:36 job 530b3815 running: Loading MiniMax H3 and generating native video + stereo audio…
03:22:56 job 530b3815 running: Loading MiniMax H3 and generating native video + stereo audio…
03:23:16 job 530b3815 running: Loading MiniMax H3 and generating native video + stereo audio…
03:23:36 job 530b3815 running: MiniMax H3 sampling — step 1/20
03:23:56 job 530b3815 running: MiniMax H3 sampling — step 5/20
03:24:16 job 530b3815 running: MiniMax H3 sampling — step 9/20
03:24:36 job 530b3815 running: MiniMax H3 sampling — step 12/20
03:24:56 job 530b3815 running: MiniMax H3 sampling — step 16/20
03:25:16 job 530b3815 running: MiniMax H3 sampling complete (20/20); decoding video and audio…
03:25:36 job 530b3815 running: MiniMax H3 sampling complete (20/20); decoding video and audio…
03:25:56 job 530b3815 completed: Done
03:25:56 shot-3 file=minimax_h3_530b3815.mp4
03:25:56 job ae1773f5 running: Loading MiniMax H3 and generating native video + stereo audio…
03:26:16 job ae1773f5 running: Loading MiniMax H3 and generating native video + stereo audio…
03:26:36 job ae1773f5 running: Loading MiniMax H3 and generating native video + stereo audio…
03:26:56 job ae1773f5 running: Loading MiniMax H3 and generating native video + stereo audio…
03:27:16 job ae1773f5 running: Loading MiniMax H3 and generating native video + stereo audio…
03:27:36 job ae1773f5 running: Loading MiniMax H3 and generating native video + stereo audio…
03:27:56 job ae1773f5 running: MiniMax H3 sampling — step 2/20
03:28:16 job ae1773f5 running: MiniMax H3 sampling — step 3/20
03:28:36 job ae1773f5 running: MiniMax H3 sampling — step 5/20
03:28:56 job ae1773f5 running: MiniMax H3 sampling — step 7/20
03:29:16 job ae1773f5 running: MiniMax H3 sampling — step 9/20
03:29:36 job ae1773f5 running: MiniMax H3 sampling — step 11/20
03:29:56 job ae1773f5 running: MiniMax H3 sampling — step 12/20
03:30:16 job ae1773f5 running: MiniMax H3 sampling — step 14/20
03:30:36 job ae1773f5 running: MiniMax H3 sampling — step 16/20
03:30:56 job ae1773f5 running: MiniMax H3 sampling — step 18/20
03:31:16 job ae1773f5 running: MiniMax H3 sampling — step 19/20
03:31:36 job ae1773f5 running: MiniMax H3 sampling complete (20/20); decoding video and audio…
03:31:56 job ae1773f5 completed: Done
03:31:56 shot-4 file=minimax_h3_ae1773f5.mp4
03:31:56 job 6dc08a2b running: Starting the isolated MiniMax H3 runtime…
03:32:16 job 6dc08a2b running: Loading MiniMax H3 and generating native video + stereo audio…
03:32:36 job 6dc08a2b running: Loading MiniMax H3 and generating native video + stereo audio…
03:32:56 job 6dc08a2b running: Loading MiniMax H3 and generating native video + stereo audio…
03:33:16 job 6dc08a2b running: Loading MiniMax H3 and generating native video + stereo audio…
03:33:36 job 6dc08a2b running: Loading MiniMax H3 and generating native video + stereo audio…
03:33:56 job 6dc08a2b running: MiniMax H3 sampling — step 1/20
03:34:16 job 6dc08a2b running: MiniMax H3 sampling — step 5/20
03:34:36 job 6dc08a2b running: MiniMax H3 sampling — step 8/20
03:34:57 job 6dc08a2b running: MiniMax H3 sampling — step 12/20
03:35:17 job 6dc08a2b running: MiniMax H3 sampling — step 16/20
03:35:37 job 6dc08a2b running: MiniMax H3 sampling — step 19/20
03:35:57 job 6dc08a2b running: MiniMax H3 sampling complete (20/20); decoding video and audio…
03:36:17 job 6dc08a2b completed: Done
03:36:17 shot-5 file=minimax_h3_6dc08a2b.mp4
03:36:17 job 964ccfb5 running: Loading MiniMax H3 and generating native video + stereo audio…
03:36:37 job 964ccfb5 running: Loading MiniMax H3 and generating native video + stereo audio…
03:36:57 job 964ccfb5 running: Loading MiniMax H3 and generating native video + stereo audio…
03:37:17 job 964ccfb5 running: Loading MiniMax H3 and generating native video + stereo audio…
03:37:37 job 964ccfb5 running: Loading MiniMax H3 and generating native video + stereo audio…
03:37:57 job 964ccfb5 running: Loading MiniMax H3 and generating native video + stereo audio…
03:38:17 job 964ccfb5 running: MiniMax H3 sampling — step 3/20
03:38:37 job 964ccfb5 running: MiniMax H3 sampling — step 7/20
03:38:57 job 964ccfb5 running: MiniMax H3 sampling — step 10/20
03:39:17 job 964ccfb5 running: MiniMax H3 sampling — step 14/20
03:39:37 job 964ccfb5 running: MiniMax H3 sampling — step 18/20
03:39:57 job 964ccfb5 running: MiniMax H3 sampling complete (20/20); decoding video and audio…
03:40:17 job 964ccfb5 completed: Done
03:40:17 shot-6 file=minimax_h3_964ccfb5.mp4
03:40:17 job 3181dd43 queued: Queued
03:40:37 job 3181dd43 running: Loading MiniMax H3 and generating native video + stereo audio…
03:40:57 job 3181dd43 running: Loading MiniMax H3 and generating native video + stereo audio…
03:41:17 job 3181dd43 running: Loading MiniMax H3 and generating native video + stereo audio…
03:41:37 job 3181dd43 running: Loading MiniMax H3 and generating native video + stereo audio…
03:41:57 job 3181dd43 running: Loading MiniMax H3 and generating native video + stereo audio…
03:42:17 job 3181dd43 running: Loading MiniMax H3 and generating native video + stereo audio…
03:42:37 job 3181dd43 running: MiniMax H3 sampling — step 1/20
03:42:57 job 3181dd43 running: MiniMax H3 sampling — step 2/20
03:43:17 job 3181dd43 running: MiniMax H3 sampling — step 3/20
03:43:37 job 3181dd43 running: MiniMax H3 sampling — step 4/20
03:43:57 job 3181dd43 running: MiniMax H3 sampling — step 5/20
03:44:17 job 3181dd43 running: MiniMax H3 sampling — step 6/20
03:44:37 job 3181dd43 running: MiniMax H3 sampling — step 7/20
03:44:57 job 3181dd43 running: MiniMax H3 sampling — step 8/20
03:45:17 job 3181dd43 running: MiniMax H3 sampling — step 9/20
03:45:37 job 3181dd43 running: MiniMax H3 sampling — step 10/20
03:45:57 job 3181dd43 running: MiniMax H3 sampling — step 11/20
03:46:17 job 3181dd43 running: MiniMax H3 sampling — step 12/20
03:46:37 job 3181dd43 running: MiniMax H3 sampling — step 13/20
03:46:57 job 3181dd43 running: MiniMax H3 sampling — step 14/20
03:47:17 job 3181dd43 running: MiniMax H3 sampling — step 15/20
03:47:37 job 3181dd43 running: MiniMax H3 sampling — step 16/20
03:47:57 job 3181dd43 running: MiniMax H3 sampling — step 17/20
03:48:17 job 3181dd43 running: MiniMax H3 sampling — step 18/20
03:48:37 job 3181dd43 running: MiniMax H3 sampling — step 19/20
03:48:57 job 3181dd43 running: MiniMax H3 sampling complete (20/20); decoding video and audio…
03:49:17 job 3181dd43 running: MiniMax H3 sampling complete (20/20); decoding video and audio…
03:49:37 job 3181dd43 running: MiniMax H3 sampling complete (20/20); decoding video and audio…
03:49:58 job 3181dd43 completed: Done
03:49:58 shot-7 file=minimax_h3_3181dd43.mp4
03:49:58 job e9fdc118 running: Loading MiniMax H3 and generating native video + stereo audio…
03:50:18 job e9fdc118 running: Loading MiniMax H3 and generating native video + stereo audio…
03:50:38 job e9fdc118 running: Loading MiniMax H3 and generating native video + stereo audio…
03:50:58 job e9fdc118 running: Loading MiniMax H3 and generating native video + stereo audio…
03:51:18 job e9fdc118 running: Loading MiniMax H3 and generating native video + stereo audio…
03:51:38 job e9fdc118 running: Loading MiniMax H3 and generating native video + stereo audio…
03:51:58 job e9fdc118 running: MiniMax H3 sampling — step 1/20
03:52:18 job e9fdc118 running: MiniMax H3 sampling — step 2/20
03:52:38 job e9fdc118 running: MiniMax H3 sampling — step 3/20
03:52:58 job e9fdc118 running: MiniMax H3 sampling — step 4/20
03:53:18 job e9fdc118 running: MiniMax H3 sampling — step 5/20
03:53:38 job e9fdc118 running: MiniMax H3 sampling — step 6/20
03:53:58 job e9fdc118 running: MiniMax H3 sampling — step 7/20
03:58:06 waiting for Vader IT trilogy and any GPU jobs to finish
03:58:06 GPU idle; starting claymation Bag End
03:58:21 skip shot-1 estableciendo: minimax_h3_813f5ea0.mp4
03:58:21 skip shot-2 llamada: minimax_h3_25713ef7.mp4
03:58:21 skip shot-3 llegas-tarde: minimax_h3_530b3815.mp4
03:58:21 skip shot-4 un-mago-nunca: minimax_h3_ae1773f5.mp4
03:58:21 skip shot-5 entra: minimax_h3_6dc08a2b.mp4
03:58:21 skip shot-6 el-te: minimax_h3_964ccfb5.mp4
03:58:21 skip shot-7 hogar: minimax_h3_3181dd43.mp4
03:58:21 queued shot-8 humo: e7abc2c1
03:58:21 job e7abc2c1 running: Preparing...
03:58:41 job e7abc2c1 running: Loading MiniMax H3 and generating native video + stereo audio…
03:59:01 job e7abc2c1 running: Loading MiniMax H3 and generating native video + stereo audio…
03:59:21 job e7abc2c1 running: Loading MiniMax H3 and generating native video + stereo audio…
03:59:41 job e7abc2c1 running: Loading MiniMax H3 and generating native video + stereo audio…
04:00:01 job e7abc2c1 running: Loading MiniMax H3 and generating native video + stereo audio…
04:00:21 job e7abc2c1 running: Loading MiniMax H3 and generating native video + stereo audio…
04:00:41 job e7abc2c1 running: Loading MiniMax H3 and generating native video + stereo audio…
04:01:01 job e7abc2c1 running: MiniMax H3 sampling — step 1/20
04:01:21 job e7abc2c1 running: MiniMax H3 sampling — step 1/20
04:01:41 job e7abc2c1 running: MiniMax H3 sampling — step 1/20
04:02:01 job e7abc2c1 running: MiniMax H3 sampling — step 2/20
04:02:21 job e7abc2c1 running: MiniMax H3 sampling — step 2/20
