18:26:57 starting MiniMax Music song
18:26:57 MiniMax Music job minimax-music-14384c33304d
18:26:57 MiniMax Music queued: 1 MiniMax Music candidate(s) queued
18:27:05 MiniMax Music failed: MiniMax Music rejected the request: This Music API is no longer available to new users. Existing paying customers can continue to use the service. For new access, please try MiniMax Audio (https://www.minimax.io/audio) or the open-source model at https://huggingface.co/MiniMaxAI/MiniMax-Music3
18:27:05 MiniMax Music unavailable (MiniMax Music failed: MiniMax Music rejected the request: This Music API is no longer available to new users. Existing paying customers can continue to use the service. For new access, please try MiniMax Audio (https://www.minimax.io/audio) or the open-source model at https://huggingface.co/MiniMaxAI/MiniMax-Music3)
18:27:05 generating local ACE-Step song
18:28:35 song source=ace_step file=2026-08-20-18h28m35s_seed46558511_[Estrofa]Pidió una pizza y se durmió mil añosel trabajo le espera, el trabajo ya es otrose tro.wav
18:28:35 analyzing song
18:28:59 planned 4 clips; MiniMax M3 will write prompts
18:28:59 pipeline 7d5b4dba
18:28:59 pipeline 7d5b4dba running/planning: Starting...
18:29:19 pipeline 7d5b4dba running/planning: minimax / MiniMax-M3 is writing 7 timed song segments: scene, action, camera, and final generation prompt. Waiting for the remote response; image and video generation have not started.
18:29:39 pipeline 7d5b4dba running/generating_video: H3 Legacy · clip 1/7 · segment 1/2 · starting model pass
18:29:59 pipeline 7d5b4dba running/generating_video: H3 Legacy · clip 1/7 · segment 1/2 · starting model pass
18:30:19 pipeline 7d5b4dba running/generating_video: H3 Legacy · clip 1/7 · segment 1/2 · starting model pass
18:30:39 pipeline 7d5b4dba running/generating_video: H3 Legacy · clip 1/7 · segment 1/2 · starting model pass
18:30:59 pipeline 7d5b4dba running/generating_video: H3 Legacy · clip 1/7 · segment 1/2 · starting model pass
18:31:19 pipeline 7d5b4dba running/generating_video: H3 Legacy · clip 1/7 · segment 1/2 · starting model pass
18:31:40 pipeline 7d5b4dba running/generating_video: H3 Legacy · clip 1/7 · segment 1/2 · starting model pass
18:32:00 pipeline 7d5b4dba running/generating_video: H3 Legacy · clip 1/7 · segment 1/2 · MiniMax H3 sampling — step 4/20
18:32:20 pipeline 7d5b4dba running/generating_video: H3 Legacy · clip 1/7 · segment 1/2 · MiniMax H3 sampling — step 8/20
18:32:40 pipeline 7d5b4dba running/generating_video: H3 Legacy · clip 1/7 · segment 1/2 · MiniMax H3 sampling — step 11/20
18:33:00 pipeline 7d5b4dba running/generating_video: H3 Legacy · clip 1/7 · segment 1/2 · MiniMax H3 sampling — step 15/20
18:33:20 pipeline 7d5b4dba running/generating_video: H3 Legacy · clip 1/7 · segment 1/2 · MiniMax H3 sampling — step 18/20
18:33:40 pipeline 7d5b4dba running/generating_video: H3 Legacy · clip 1/7 · segment 1/2 · MiniMax H3 sampling complete (20/20); decoding video and audio…
18:34:01 pipeline 7d5b4dba running/generating_video: H3 Legacy · clip 1/7 · segment 1/2 · MiniMax H3 sampling complete (20/20); decoding video and audio…
18:34:22 pipeline 7d5b4dba running/generating_video: H3 Legacy · clip 1/7 · segment 2/2 · starting model pass
18:34:42 pipeline 7d5b4dba running/generating_video: H3 Legacy · clip 1/7 · segment 2/2 · starting model pass
18:35:02 pipeline 7d5b4dba running/generating_video: H3 Legacy · clip 1/7 · segment 2/2 · starting model pass
18:35:22 pipeline 7d5b4dba running/generating_video: H3 Legacy · clip 1/7 · segment 2/2 · starting model pass
18:35:42 pipeline 7d5b4dba running/generating_video: H3 Legacy · clip 1/7 · segment 2/2 · starting model pass
18:36:02 pipeline 7d5b4dba running/generating_video: H3 Legacy · clip 1/7 · segment 2/2 · starting model pass
18:36:22 pipeline 7d5b4dba running/generating_video: H3 Legacy · clip 1/7 · segment 2/2 · starting model pass
18:36:42 pipeline 7d5b4dba running/generating_video: H3 Legacy · clip 1/7 · segment 2/2 · MiniMax H3 sampling — step 3/20
18:37:02 pipeline 7d5b4dba running/generating_video: H3 Legacy · clip 1/7 · segment 2/2 · MiniMax H3 sampling — step 6/20
18:37:22 pipeline 7d5b4dba running/generating_video: H3 Legacy · clip 1/7 · segment 2/2 · MiniMax H3 sampling — step 10/20
18:37:43 pipeline 7d5b4dba running/generating_video: H3 Legacy · clip 1/7 · segment 2/2 · MiniMax H3 sampling — step 14/20
18:38:03 pipeline 7d5b4dba running/generating_video: H3 Legacy · clip 1/7 · segment 2/2 · MiniMax H3 sampling — step 17/20
18:38:23 pipeline 7d5b4dba running/generating_video: H3 Legacy · clip 1/7 · segment 2/2 · MiniMax H3 sampling complete (20/20); decoding video and audio…
18:38:43 pipeline 7d5b4dba running/generating_video: H3 Legacy · clip 1/7 · segment 2/2 · MiniMax H3 sampling complete (20/20); decoding video and audio…
18:39:03 pipeline 7d5b4dba running/generating_video: H3 Legacy · clip 2/7 · segment 1/2 · starting model pass
18:39:23 pipeline 7d5b4dba running/generating_video: H3 Legacy · clip 2/7 · segment 1/2 · starting model pass
18:39:43 pipeline 7d5b4dba running/generating_video: H3 Legacy · clip 2/7 · segment 1/2 · starting model pass
18:40:03 pipeline 7d5b4dba running/generating_video: H3 Legacy · clip 2/7 · segment 1/2 · starting model pass
18:40:23 pipeline 7d5b4dba running/generating_video: H3 Legacy · clip 2/7 · segment 1/2 · starting model pass
18:40:43 pipeline 7d5b4dba running/generating_video: H3 Legacy · clip 2/7 · segment 1/2 · starting model pass
18:41:03 pipeline 7d5b4dba running/generating_video: H3 Legacy · clip 2/7 · segment 1/2 · starting model pass
18:41:23 pipeline 7d5b4dba running/generating_video: H3 Legacy · clip 2/7 · segment 1/2 · MiniMax H3 sampling — step 3/20
18:41:43 pipeline 7d5b4dba running/generating_video: H3 Legacy · clip 2/7 · segment 1/2 · MiniMax H3 sampling — step 7/20
18:42:04 pipeline 7d5b4dba running/generating_video: H3 Legacy · clip 2/7 · segment 1/2 · MiniMax H3 sampling — step 11/20
18:42:24 pipeline 7d5b4dba running/generating_video: H3 Legacy · clip 2/7 · segment 1/2 · MiniMax H3 sampling — step 14/20
18:42:44 pipeline 7d5b4dba running/generating_video: H3 Legacy · clip 2/7 · segment 1/2 · MiniMax H3 sampling — step 18/20
18:43:04 pipeline 7d5b4dba running/generating_video: H3 Legacy · clip 2/7 · segment 1/2 · MiniMax H3 sampling complete (20/20); decoding video and audio…
18:43:24 pipeline 7d5b4dba running/generating_video: H3 Legacy · clip 2/7 · segment 2/2 · starting model pass
18:43:44 pipeline 7d5b4dba running/generating_video: H3 Legacy · clip 2/7 · segment 2/2 · starting model pass
18:44:04 pipeline 7d5b4dba running/generating_video: H3 Legacy · clip 2/7 · segment 2/2 · starting model pass
18:44:24 pipeline 7d5b4dba running/generating_video: H3 Legacy · clip 2/7 · segment 2/2 · starting model pass
18:44:44 pipeline 7d5b4dba running/generating_video: H3 Legacy · clip 2/7 · segment 2/2 · starting model pass
18:45:04 pipeline 7d5b4dba running/generating_video: H3 Legacy · clip 2/7 · segment 2/2 · starting model pass
18:45:24 pipeline 7d5b4dba running/generating_video: H3 Legacy · clip 2/7 · segment 2/2 · MiniMax H3 sampling — step 2/20
18:45:44 pipeline 7d5b4dba running/generating_video: H3 Legacy · clip 2/7 · segment 2/2 · MiniMax H3 sampling — step 5/20
18:46:04 pipeline 7d5b4dba running/generating_video: H3 Legacy · clip 2/7 · segment 2/2 · MiniMax H3 sampling — step 9/20
18:46:24 pipeline 7d5b4dba running/generating_video: H3 Legacy · clip 2/7 · segment 2/2 · MiniMax H3 sampling — step 13/20
18:46:44 pipeline 7d5b4dba running/generating_video: H3 Legacy · clip 2/7 · segment 2/2 · MiniMax H3 sampling — step 16/20
18:47:04 pipeline 7d5b4dba running/generating_video: H3 Legacy · clip 2/7 · segment 2/2 · MiniMax H3 sampling complete (20/20); decoding video and audio…
18:47:24 pipeline 7d5b4dba running/generating_video: H3 Legacy · clip 2/7 · segment 2/2 · MiniMax H3 sampling complete (20/20); decoding video and audio…
18:47:44 pipeline 7d5b4dba running/generating_video: H3 Legacy · clip 3/7 · segment 1/2 · starting model pass
18:48:04 pipeline 7d5b4dba running/generating_video: H3 Legacy · clip 3/7 · segment 1/2 · starting model pass
18:48:24 pipeline 7d5b4dba running/generating_video: H3 Legacy · clip 3/7 · segment 1/2 · starting model pass
18:48:45 pipeline 7d5b4dba running/generating_video: H3 Legacy · clip 3/7 · segment 1/2 · starting model pass
18:49:05 pipeline 7d5b4dba running/generating_video: H3 Legacy · clip 3/7 · segment 1/2 · starting model pass
18:49:25 pipeline 7d5b4dba running/generating_video: H3 Legacy · clip 3/7 · segment 1/2 · starting model pass
18:49:45 pipeline 7d5b4dba running/generating_video: H3 Legacy · clip 3/7 · segment 1/2 · MiniMax H3 sampling — step 3/20
18:50:05 pipeline 7d5b4dba running/generating_video: H3 Legacy · clip 3/7 · segment 1/2 · MiniMax H3 sampling — step 7/20
18:50:25 pipeline 7d5b4dba running/generating_video: H3 Legacy · clip 3/7 · segment 1/2 · MiniMax H3 sampling — step 11/20
18:50:45 pipeline 7d5b4dba running/generating_video: H3 Legacy · clip 3/7 · segment 1/2 · MiniMax H3 sampling — step 14/20
18:51:05 pipeline 7d5b4dba running/generating_video: H3 Legacy · clip 3/7 · segment 1/2 · MiniMax H3 sampling — step 18/20
18:51:25 pipeline 7d5b4dba running/generating_video: H3 Legacy · clip 3/7 · segment 1/2 · MiniMax H3 sampling complete (20/20); decoding video and audio…
18:51:45 pipeline 7d5b4dba running/generating_video: H3 Legacy · clip 3/7 · segment 2/2 · starting model pass
18:52:05 pipeline 7d5b4dba running/generating_video: H3 Legacy · clip 3/7 · segment 2/2 · starting model pass
18:52:25 pipeline 7d5b4dba running/generating_video: H3 Legacy · clip 3/7 · segment 2/2 · starting model pass
18:52:45 pipeline 7d5b4dba running/generating_video: H3 Legacy · clip 3/7 · segment 2/2 · starting model pass
18:53:05 pipeline 7d5b4dba running/generating_video: H3 Legacy · clip 3/7 · segment 2/2 · starting model pass
18:53:25 pipeline 7d5b4dba running/generating_video: H3 Legacy · clip 3/7 · segment 2/2 · starting model pass
18:53:45 pipeline 7d5b4dba running/generating_video: H3 Legacy · clip 3/7 · segment 2/2 · MiniMax H3 sampling — step 2/20
18:54:05 pipeline 7d5b4dba running/generating_video: H3 Legacy · clip 3/7 · segment 2/2 · MiniMax H3 sampling — step 6/20
18:54:25 pipeline 7d5b4dba running/generating_video: H3 Legacy · clip 3/7 · segment 2/2 · MiniMax H3 sampling — step 9/20
18:54:45 pipeline 7d5b4dba running/generating_video: H3 Legacy · clip 3/7 · segment 2/2 · MiniMax H3 sampling — step 13/20
18:55:05 pipeline 7d5b4dba running/generating_video: H3 Legacy · clip 3/7 · segment 2/2 · MiniMax H3 sampling — step 16/20
18:55:25 pipeline 7d5b4dba running/generating_video: H3 Legacy · clip 3/7 · segment 2/2 · MiniMax H3 sampling complete (20/20); decoding video and audio…
18:55:45 pipeline 7d5b4dba running/generating_video: H3 Legacy · clip 3/7 · segment 2/2 · MiniMax H3 sampling complete (20/20); decoding video and audio…
18:56:05 pipeline 7d5b4dba running/generating_video: H3 Legacy · clip 4/7 · segment 1/2 · starting model pass
18:56:25 pipeline 7d5b4dba running/generating_video: H3 Legacy · clip 4/7 · segment 1/2 · starting model pass
18:56:45 pipeline 7d5b4dba running/generating_video: H3 Legacy · clip 4/7 · segment 1/2 · starting model pass
18:57:05 pipeline 7d5b4dba running/generating_video: H3 Legacy · clip 4/7 · segment 1/2 · starting model pass
18:57:25 pipeline 7d5b4dba running/generating_video: H3 Legacy · clip 4/7 · segment 1/2 · starting model pass
18:57:45 pipeline 7d5b4dba running/generating_video: H3 Legacy · clip 4/7 · segment 1/2 · starting model pass
18:58:06 pipeline 7d5b4dba running/generating_video: H3 Legacy · clip 4/7 · segment 1/2 · MiniMax H3 sampling — step 4/20
18:58:26 pipeline 7d5b4dba running/generating_video: H3 Legacy · clip 4/7 · segment 1/2 · MiniMax H3 sampling — step 7/20
18:58:46 pipeline 7d5b4dba running/generating_video: H3 Legacy · clip 4/7 · segment 1/2 · MiniMax H3 sampling — step 11/20
18:59:06 pipeline 7d5b4dba running/generating_video: H3 Legacy · clip 4/7 · segment 1/2 · MiniMax H3 sampling — step 15/20
18:59:26 pipeline 7d5b4dba running/generating_video: H3 Legacy · clip 4/7 · segment 1/2 · MiniMax H3 sampling — step 18/20
18:59:46 pipeline 7d5b4dba running/generating_video: H3 Legacy · clip 4/7 · segment 1/2 · MiniMax H3 sampling complete (20/20); decoding video and audio…
19:00:06 pipeline 7d5b4dba running/generating_video: H3 Legacy · clip 4/7 · segment 2/2 · starting model pass
19:00:26 pipeline 7d5b4dba running/generating_video: H3 Legacy · clip 4/7 · segment 2/2 · starting model pass
19:00:46 pipeline 7d5b4dba running/generating_video: H3 Legacy · clip 4/7 · segment 2/2 · starting model pass
19:01:06 pipeline 7d5b4dba running/generating_video: H3 Legacy · clip 4/7 · segment 2/2 · starting model pass
19:01:26 pipeline 7d5b4dba running/generating_video: H3 Legacy · clip 4/7 · segment 2/2 · starting model pass
19:01:46 pipeline 7d5b4dba running/generating_video: H3 Legacy · clip 4/7 · segment 2/2 · starting model pass
19:02:06 pipeline 7d5b4dba running/generating_video: H3 Legacy · clip 4/7 · segment 2/2 · MiniMax H3 sampling — step 2/20
19:02:26 pipeline 7d5b4dba running/generating_video: H3 Legacy · clip 4/7 · segment 2/2 · MiniMax H3 sampling — step 6/20
19:02:46 pipeline 7d5b4dba running/generating_video: H3 Legacy · clip 4/7 · segment 2/2 · MiniMax H3 sampling — step 10/20
19:03:06 pipeline 7d5b4dba running/generating_video: H3 Legacy · clip 4/7 · segment 2/2 · MiniMax H3 sampling — step 13/20
19:03:26 pipeline 7d5b4dba running/generating_video: H3 Legacy · clip 4/7 · segment 2/2 · MiniMax H3 sampling — step 17/20
19:03:46 pipeline 7d5b4dba running/generating_video: H3 Legacy · clip 4/7 · segment 2/2 · MiniMax H3 sampling complete (20/20); decoding video and audio…
19:04:06 pipeline 7d5b4dba running/generating_video: H3 Legacy · clip 4/7 · segment 2/2 · MiniMax H3 sampling complete (20/20); decoding video and audio…
19:04:26 pipeline 7d5b4dba running/generating_video: H3 Legacy · clip 5/7 · segment 1/2 · starting model pass
19:04:46 pipeline 7d5b4dba running/generating_video: H3 Legacy · clip 5/7 · segment 1/2 · starting model pass
19:05:06 pipeline 7d5b4dba running/generating_video: H3 Legacy · clip 5/7 · segment 1/2 · starting model pass
19:05:26 pipeline 7d5b4dba running/generating_video: H3 Legacy · clip 5/7 · segment 1/2 · starting model pass
19:05:46 pipeline 7d5b4dba running/generating_video: H3 Legacy · clip 5/7 · segment 1/2 · starting model pass
19:06:06 pipeline 7d5b4dba running/generating_video: H3 Legacy · clip 5/7 · segment 1/2 · starting model pass
19:06:26 pipeline 7d5b4dba running/generating_video: H3 Legacy · clip 5/7 · segment 1/2 · MiniMax H3 sampling — step 4/20
19:06:46 pipeline 7d5b4dba running/generating_video: H3 Legacy · clip 5/7 · segment 1/2 · MiniMax H3 sampling — step 8/20
19:07:06 pipeline 7d5b4dba running/generating_video: H3 Legacy · clip 5/7 · segment 1/2 · MiniMax H3 sampling — step 11/20
19:07:26 pipeline 7d5b4dba running/generating_video: H3 Legacy · clip 5/7 · segment 1/2 · MiniMax H3 sampling — step 15/20
19:07:46 pipeline 7d5b4dba running/generating_video: H3 Legacy · clip 5/7 · segment 1/2 · MiniMax H3 sampling — step 19/20
19:08:06 pipeline 7d5b4dba running/generating_video: H3 Legacy · clip 5/7 · segment 1/2 · MiniMax H3 sampling complete (20/20); decoding video and audio…
19:08:27 pipeline 7d5b4dba running/generating_video: H3 Legacy · clip 5/7 · segment 2/2 · starting model pass
19:08:47 pipeline 7d5b4dba running/generating_video: H3 Legacy · clip 5/7 · segment 2/2 · starting model pass
19:09:07 pipeline 7d5b4dba running/generating_video: H3 Legacy · clip 5/7 · segment 2/2 · starting model pass
19:09:27 pipeline 7d5b4dba running/generating_video: H3 Legacy · clip 5/7 · segment 2/2 · starting model pass
19:09:47 pipeline 7d5b4dba running/generating_video: H3 Legacy · clip 5/7 · segment 2/2 · starting model pass
19:10:07 pipeline 7d5b4dba running/generating_video: H3 Legacy · clip 5/7 · segment 2/2 · starting model pass
19:10:27 pipeline 7d5b4dba running/generating_video: H3 Legacy · clip 5/7 · segment 2/2 · MiniMax H3 sampling — step 3/20
19:10:47 pipeline 7d5b4dba running/generating_video: H3 Legacy · clip 5/7 · segment 2/2 · MiniMax H3 sampling — step 7/20
19:11:07 pipeline 7d5b4dba running/generating_video: H3 Legacy · clip 5/7 · segment 2/2 · MiniMax H3 sampling — step 10/20
19:11:27 pipeline 7d5b4dba running/generating_video: H3 Legacy · clip 5/7 · segment 2/2 · MiniMax H3 sampling — step 14/20
19:11:47 pipeline 7d5b4dba running/generating_video: H3 Legacy · clip 5/7 · segment 2/2 · MiniMax H3 sampling — step 17/20
19:12:07 pipeline 7d5b4dba running/generating_video: H3 Legacy · clip 5/7 · segment 2/2 · MiniMax H3 sampling complete (20/20); decoding video and audio…
19:12:27 pipeline 7d5b4dba running/generating_video: H3 Legacy · clip 6/7 · segment 1/2 · starting model pass
19:12:47 pipeline 7d5b4dba running/generating_video: H3 Legacy · clip 6/7 · segment 1/2 · starting model pass
19:13:07 pipeline 7d5b4dba running/generating_video: H3 Legacy · clip 6/7 · segment 1/2 · starting model pass
19:13:27 pipeline 7d5b4dba running/generating_video: H3 Legacy · clip 6/7 · segment 1/2 · starting model pass
19:13:47 pipeline 7d5b4dba running/generating_video: H3 Legacy · clip 6/7 · segment 1/2 · starting model pass
19:14:07 pipeline 7d5b4dba running/generating_video: H3 Legacy · clip 6/7 · segment 1/2 · starting model pass
19:14:27 pipeline 7d5b4dba running/generating_video: H3 Legacy · clip 6/7 · segment 1/2 · MiniMax H3 sampling — step 2/20
19:14:47 pipeline 7d5b4dba running/generating_video: H3 Legacy · clip 6/7 · segment 1/2 · MiniMax H3 sampling — step 5/20
19:15:07 pipeline 7d5b4dba running/generating_video: H3 Legacy · clip 6/7 · segment 1/2 · MiniMax H3 sampling — step 9/20
19:15:27 pipeline 7d5b4dba running/generating_video: H3 Legacy · clip 6/7 · segment 1/2 · MiniMax H3 sampling — step 12/20
19:15:47 pipeline 7d5b4dba running/generating_video: H3 Legacy · clip 6/7 · segment 1/2 · MiniMax H3 sampling — step 16/20
19:16:07 pipeline 7d5b4dba running/generating_video: H3 Legacy · clip 6/7 · segment 1/2 · MiniMax H3 sampling complete (20/20); decoding video and audio…
19:16:27 pipeline 7d5b4dba running/generating_video: H3 Legacy · clip 6/7 · segment 1/2 · MiniMax H3 sampling complete (20/20); decoding video and audio…
19:16:47 pipeline 7d5b4dba running/generating_video: H3 Legacy · clip 6/7 · segment 2/2 · starting model pass
19:17:07 pipeline 7d5b4dba running/generating_video: H3 Legacy · clip 6/7 · segment 2/2 · starting model pass
19:17:30 pipeline 7d5b4dba running/generating_video: H3 Legacy · clip 6/7 · segment 2/2 · starting model pass
19:17:50 pipeline 7d5b4dba running/generating_video: H3 Legacy · clip 6/7 · segment 2/2 · starting model pass
19:18:10 pipeline 7d5b4dba running/generating_video: H3 Legacy · clip 6/7 · segment 2/2 · starting model pass
19:18:30 pipeline 7d5b4dba running/generating_video: H3 Legacy · clip 6/7 · segment 2/2 · starting model pass
19:18:50 pipeline 7d5b4dba running/generating_video: H3 Legacy · clip 6/7 · segment 2/2 · MiniMax H3 sampling — step 4/20
19:19:10 pipeline 7d5b4dba running/generating_video: H3 Legacy · clip 6/7 · segment 2/2 · MiniMax H3 sampling — step 8/20
19:19:30 pipeline 7d5b4dba running/generating_video: H3 Legacy · clip 6/7 · segment 2/2 · MiniMax H3 sampling — step 11/20
19:19:50 pipeline 7d5b4dba running/generating_video: H3 Legacy · clip 6/7 · segment 2/2 · MiniMax H3 sampling — step 15/20
19:20:10 pipeline 7d5b4dba running/generating_video: H3 Legacy · clip 6/7 · segment 2/2 · MiniMax H3 sampling — step 19/20
19:20:30 pipeline 7d5b4dba running/generating_video: H3 Legacy · clip 6/7 · segment 2/2 · MiniMax H3 sampling complete (20/20); decoding video and audio…
19:20:50 pipeline 7d5b4dba running/generating_video: H3 Legacy · clip 7/7 · segment 1/2 · starting model pass
19:21:10 pipeline 7d5b4dba running/generating_video: H3 Legacy · clip 7/7 · segment 1/2 · starting model pass
19:21:30 pipeline 7d5b4dba running/generating_video: H3 Legacy · clip 7/7 · segment 1/2 · starting model pass
19:21:50 pipeline 7d5b4dba running/generating_video: H3 Legacy · clip 7/7 · segment 1/2 · starting model pass
19:22:10 pipeline 7d5b4dba running/generating_video: H3 Legacy · clip 7/7 · segment 1/2 · starting model pass
19:22:30 pipeline 7d5b4dba running/generating_video: H3 Legacy · clip 7/7 · segment 1/2 · starting model pass
19:22:50 pipeline 7d5b4dba running/generating_video: H3 Legacy · clip 7/7 · segment 1/2 · MiniMax H3 sampling — step 2/20
19:23:10 pipeline 7d5b4dba running/generating_video: H3 Legacy · clip 7/7 · segment 1/2 · MiniMax H3 sampling — step 4/20
19:23:30 pipeline 7d5b4dba running/generating_video: H3 Legacy · clip 7/7 · segment 1/2 · MiniMax H3 sampling — step 7/20
19:23:50 pipeline 7d5b4dba running/generating_video: H3 Legacy · clip 7/7 · segment 1/2 · MiniMax H3 sampling — step 9/20
19:24:10 pipeline 7d5b4dba running/generating_video: H3 Legacy · clip 7/7 · segment 1/2 · MiniMax H3 sampling — step 12/20
19:24:30 pipeline 7d5b4dba running/generating_video: H3 Legacy · clip 7/7 · segment 1/2 · MiniMax H3 sampling — step 14/20
19:24:50 pipeline 7d5b4dba running/generating_video: H3 Legacy · clip 7/7 · segment 1/2 · MiniMax H3 sampling — step 17/20
19:25:10 pipeline 7d5b4dba running/generating_video: H3 Legacy · clip 7/7 · segment 1/2 · MiniMax H3 sampling — step 19/20
19:25:30 pipeline 7d5b4dba running/generating_video: H3 Legacy · clip 7/7 · segment 1/2 · MiniMax H3 sampling complete (20/20); decoding video and audio…
19:25:51 pipeline 7d5b4dba running/generating_video: H3 Legacy · clip 7/7 · segment 2/2 · starting model pass
19:26:11 pipeline 7d5b4dba running/generating_video: H3 Legacy · clip 7/7 · segment 2/2 · starting model pass
19:26:31 pipeline 7d5b4dba running/generating_video: H3 Legacy · clip 7/7 · segment 2/2 · starting model pass
19:26:51 pipeline 7d5b4dba running/generating_video: H3 Legacy · clip 7/7 · segment 2/2 · starting model pass
19:27:11 pipeline 7d5b4dba running/generating_video: H3 Legacy · clip 7/7 · segment 2/2 · starting model pass
19:27:31 pipeline 7d5b4dba running/generating_video: H3 Legacy · clip 7/7 · segment 2/2 · starting model pass
19:27:51 pipeline 7d5b4dba running/generating_video: H3 Legacy · clip 7/7 · segment 2/2 · MiniMax H3 sampling — step 1/20
19:28:11 pipeline 7d5b4dba running/generating_video: H3 Legacy · clip 7/7 · segment 2/2 · MiniMax H3 sampling — step 4/20
19:28:31 pipeline 7d5b4dba running/generating_video: H3 Legacy · clip 7/7 · segment 2/2 · MiniMax H3 sampling — step 6/20
19:28:51 pipeline 7d5b4dba running/generating_video: H3 Legacy · clip 7/7 · segment 2/2 · MiniMax H3 sampling — step 9/20
19:29:11 pipeline 7d5b4dba running/generating_video: H3 Legacy · clip 7/7 · segment 2/2 · MiniMax H3 sampling — step 11/20
19:29:31 pipeline 7d5b4dba running/generating_video: H3 Legacy · clip 7/7 · segment 2/2 · MiniMax H3 sampling — step 13/20
19:29:51 pipeline 7d5b4dba running/generating_video: H3 Legacy · clip 7/7 · segment 2/2 · MiniMax H3 sampling — step 16/20
19:30:11 pipeline 7d5b4dba running/generating_video: H3 Legacy · clip 7/7 · segment 2/2 · MiniMax H3 sampling — step 18/20
19:30:31 pipeline 7d5b4dba running/generating_video: H3 Legacy · clip 7/7 · segment 2/2 · MiniMax H3 sampling complete (20/20); decoding video and audio…
19:30:51 pipeline 7d5b4dba running/generating_video: H3 Legacy · clip 7/7 · segment 2/2 · MiniMax H3 sampling complete (20/20); decoding video and audio…
19:31:11 pipeline 7d5b4dba completed/completed: Done!
19:31:11 fry bad-luck music video done
