07:13:20 waiting for portrait joke queue to finish
07:13:20 GPU still busy: 15 job(s)
07:13:40 GPU still busy: 15 job(s)
07:14:00 GPU still busy: 15 job(s)
07:14:20 GPU still busy: 15 job(s)
07:14:40 GPU still busy: 15 job(s)
07:15:00 GPU still busy: 15 job(s)
07:15:20 GPU still busy: 15 job(s)
07:15:40 GPU still busy: 15 job(s)
07:16:00 GPU still busy: 15 job(s)
07:16:20 GPU still busy: 15 job(s)
07:16:40 GPU still busy: 15 job(s)
07:17:01 GPU still busy: 15 job(s)
07:17:21 GPU still busy: 14 job(s)
07:17:41 GPU still busy: 14 job(s)
07:18:01 GPU still busy: 14 job(s)
07:18:21 GPU still busy: 14 job(s)
07:18:41 GPU still busy: 14 job(s)
07:19:01 GPU still busy: 14 job(s)
07:19:21 GPU still busy: 14 job(s)
07:19:41 GPU still busy: 14 job(s)
07:20:01 GPU still busy: 14 job(s)
07:20:21 GPU still busy: 14 job(s)
07:20:41 GPU still busy: 14 job(s)
07:21:01 GPU still busy: 14 job(s)
07:21:21 GPU still busy: 13 job(s)
07:21:41 GPU still busy: 13 job(s)
07:22:01 GPU still busy: 13 job(s)
07:22:21 GPU still busy: 13 job(s)
07:22:41 GPU still busy: 13 job(s)
07:23:01 GPU still busy: 13 job(s)
07:23:21 GPU still busy: 13 job(s)
07:23:41 GPU still busy: 13 job(s)
07:24:01 GPU still busy: 13 job(s)
07:24:21 GPU still busy: 13 job(s)
07:24:41 GPU still busy: 13 job(s)
07:25:01 GPU still busy: 13 job(s)
07:25:21 GPU still busy: 13 job(s)
07:25:41 GPU still busy: 12 job(s)
07:26:01 GPU still busy: 12 job(s)
07:26:21 GPU still busy: 12 job(s)
07:26:41 GPU still busy: 12 job(s)
07:27:01 GPU still busy: 12 job(s)
07:27:21 GPU still busy: 12 job(s)
07:27:41 GPU still busy: 12 job(s)
07:28:01 GPU still busy: 12 job(s)
07:28:21 GPU still busy: 12 job(s)
07:28:41 GPU still busy: 12 job(s)
07:29:01 GPU still busy: 12 job(s)
07:29:21 GPU still busy: 12 job(s)
07:29:41 GPU still busy: 12 job(s)
07:30:01 GPU still busy: 12 job(s)
07:30:21 GPU still busy: 11 job(s)
07:30:41 GPU still busy: 11 job(s)
07:31:02 GPU still busy: 11 job(s)
07:31:22 GPU still busy: 11 job(s)
07:31:42 GPU still busy: 11 job(s)
07:32:02 GPU still busy: 11 job(s)
07:32:22 GPU still busy: 11 job(s)
07:32:42 GPU still busy: 11 job(s)
07:33:02 GPU still busy: 11 job(s)
07:33:22 GPU still busy: 11 job(s)
07:33:42 GPU still busy: 11 job(s)
07:34:02 GPU still busy: 11 job(s)
07:34:22 GPU still busy: 10 job(s)
07:34:42 GPU still busy: 10 job(s)
07:35:02 GPU still busy: 10 job(s)
07:35:22 GPU still busy: 10 job(s)
07:35:42 GPU still busy: 10 job(s)
07:36:02 GPU still busy: 10 job(s)
07:36:22 GPU still busy: 10 job(s)
07:36:42 GPU still busy: 10 job(s)
07:37:02 GPU still busy: 10 job(s)
07:37:22 GPU still busy: 10 job(s)
07:37:42 GPU still busy: 10 job(s)
07:38:02 GPU still busy: 10 job(s)
07:38:22 GPU still busy: 9 job(s)
07:38:42 GPU still busy: 9 job(s)
07:39:02 GPU still busy: 9 job(s)
07:39:22 GPU still busy: 9 job(s)
07:39:42 GPU still busy: 9 job(s)
07:40:02 GPU still busy: 9 job(s)
07:40:22 GPU still busy: 9 job(s)
07:40:42 GPU still busy: 9 job(s)
07:41:02 GPU still busy: 9 job(s)
07:41:22 GPU still busy: 9 job(s)
07:41:42 GPU still busy: 9 job(s)
07:42:02 GPU still busy: 9 job(s)
07:42:22 GPU still busy: 9 job(s)
07:42:42 GPU still busy: 8 job(s)
07:43:02 GPU still busy: 8 job(s)
07:43:22 GPU still busy: 8 job(s)
07:43:42 GPU still busy: 8 job(s)
07:44:02 GPU still busy: 8 job(s)
07:44:22 GPU still busy: 8 job(s)
07:44:42 GPU still busy: 8 job(s)
07:45:02 GPU still busy: 8 job(s)
07:45:22 GPU still busy: 8 job(s)
07:45:42 GPU still busy: 8 job(s)
07:46:03 GPU still busy: 8 job(s)
07:46:23 GPU still busy: 8 job(s)
07:46:43 GPU still busy: 7 job(s)
07:47:03 GPU still busy: 7 job(s)
07:47:23 GPU still busy: 7 job(s)
07:47:43 GPU still busy: 7 job(s)
07:48:03 GPU still busy: 7 job(s)
07:48:23 GPU still busy: 7 job(s)
07:48:43 GPU still busy: 7 job(s)
07:49:03 GPU still busy: 7 job(s)
07:49:23 GPU still busy: 7 job(s)
07:49:43 GPU still busy: 7 job(s)
07:50:03 GPU still busy: 7 job(s)
07:50:23 GPU still busy: 7 job(s)
07:50:43 GPU still busy: 7 job(s)
07:51:03 GPU still busy: 6 job(s)
07:51:23 GPU still busy: 6 job(s)
07:51:43 GPU still busy: 6 job(s)
07:52:03 GPU still busy: 6 job(s)
07:52:23 GPU still busy: 6 job(s)
07:52:43 GPU still busy: 6 job(s)
07:53:03 GPU still busy: 6 job(s)
07:53:23 GPU still busy: 6 job(s)
07:53:43 GPU still busy: 6 job(s)
07:54:03 GPU still busy: 6 job(s)
07:54:23 GPU still busy: 6 job(s)
07:54:43 GPU still busy: 6 job(s)
07:55:03 GPU still busy: 5 job(s)
07:55:23 GPU still busy: 5 job(s)
07:55:43 GPU still busy: 5 job(s)
07:56:03 GPU still busy: 5 job(s)
07:56:23 GPU still busy: 5 job(s)
07:56:43 GPU still busy: 5 job(s)
07:57:03 GPU still busy: 5 job(s)
07:57:23 GPU still busy: 5 job(s)
07:57:43 GPU still busy: 5 job(s)
07:58:03 GPU still busy: 5 job(s)
07:58:23 GPU still busy: 5 job(s)
07:58:43 GPU still busy: 5 job(s)
07:59:03 GPU still busy: 5 job(s)
07:59:23 GPU still busy: 4 job(s)
07:59:43 GPU still busy: 4 job(s)
08:00:03 GPU still busy: 4 job(s)
08:00:23 GPU still busy: 4 job(s)
08:00:43 GPU still busy: 4 job(s)
08:01:03 GPU still busy: 4 job(s)
08:01:23 GPU still busy: 4 job(s)
08:01:44 GPU still busy: 4 job(s)
08:02:04 GPU still busy: 4 job(s)
08:02:24 GPU still busy: 4 job(s)
08:02:44 GPU still busy: 4 job(s)
08:03:04 GPU still busy: 4 job(s)
08:03:24 GPU still busy: 3 job(s)
08:03:44 GPU still busy: 3 job(s)
08:04:04 GPU still busy: 3 job(s)
08:04:24 GPU still busy: 3 job(s)
08:04:44 GPU still busy: 3 job(s)
08:05:04 GPU still busy: 3 job(s)
08:05:24 GPU still busy: 3 job(s)
08:05:44 GPU still busy: 3 job(s)
08:06:04 GPU still busy: 3 job(s)
08:06:24 GPU still busy: 3 job(s)
08:06:44 GPU still busy: 3 job(s)
08:07:04 GPU still busy: 3 job(s)
08:07:24 GPU still busy: 2 job(s)
08:07:44 GPU still busy: 2 job(s)
08:08:04 GPU still busy: 2 job(s)
08:08:24 GPU still busy: 2 job(s)
08:08:44 GPU still busy: 2 job(s)
08:09:04 GPU still busy: 2 job(s)
08:09:24 GPU still busy: 2 job(s)
08:09:44 GPU still busy: 2 job(s)
08:10:04 GPU still busy: 2 job(s)
08:10:24 GPU still busy: 2 job(s)
08:10:44 GPU still busy: 2 job(s)
08:11:04 GPU still busy: 2 job(s)
08:11:24 GPU still busy: 2 job(s)
08:11:44 GPU still busy: 1 job(s)
08:12:04 GPU still busy: 1 job(s)
08:12:24 GPU still busy: 1 job(s)
08:12:44 GPU still busy: 1 job(s)
08:13:04 GPU still busy: 1 job(s)
08:13:24 GPU still busy: 1 job(s)
08:13:44 GPU still busy: 1 job(s)
08:14:04 GPU still busy: 1 job(s)
08:14:24 GPU still busy: 1 job(s)
08:14:44 GPU still busy: 1 job(s)
08:15:04 GPU still busy: 1 job(s)
08:15:24 GPU still busy: 1 job(s)
08:15:44 starting MiniMax Music song
08:15:45 MiniMax Music job minimax-music-9169aea20577
08:15:45 MiniMax Music queued: 1 MiniMax Music candidate(s) queued
08:15:53 MiniMax Music failed: MiniMax Music rejected the request: This Music API is no longer available to new users. Existing paying customers can continue to use the service. For new access, please try MiniMax Audio (https://www.minimax.io/audio) or the open-source model at https://huggingface.co/MiniMaxAI/MiniMax-Music3
08:17:45 waiting for portrait joke queue to finish
08:17:45 starting MiniMax Music song
08:17:46 MiniMax Music job minimax-music-6cb2528be51e
08:17:46 MiniMax Music queued: 1 MiniMax Music candidate(s) queued
08:17:54 MiniMax Music failed: MiniMax Music rejected the request: This Music API is no longer available to new users. Existing paying customers can continue to use the service. For new access, please try MiniMax Audio (https://www.minimax.io/audio) or the open-source model at https://huggingface.co/MiniMaxAI/MiniMax-Music3
08:17:54 MiniMax Music unavailable (MiniMax Music failed: MiniMax Music rejected the request: This Music API is no longer available to new users. Existing paying customers can continue to use the service. For new access, please try MiniMax Audio (https://www.minimax.io/audio) or the open-source model at https://huggingface.co/MiniMaxAI/MiniMax-Music3); falling back to local ACE-Step
08:27:07 song file 2026-08-20-08h27m07s_seed607414041_[Estrofa]Bajo la montaña el fuego no duermeel pico golpea el corazón de piedraoro en las vetas,.wav path /home/ina/pinokio/api/Maestro-next.git/app/outputs/2026-08-20-08h27m07s_seed607414041_[Estrofa]Bajo la montaña el fuego no duermeel pico golpea el corazón de piedraoro en las vetas,.wav
08:27:07 analyzing MiniMax song
08:27:23 planning landscape clips
08:27:23 planned 4 landscape clips
08:27:23 starting landscape music video
08:27:23 pipeline 7ec06c2d
