08:34:49 waiting for portrait joke queue to finish
08:34:49 GPU still busy: 15 job(s)
08:35:09 GPU still busy: 15 job(s)
08:35:29 GPU still busy: 15 job(s)
08:35:49 GPU still busy: 15 job(s)
08:36:09 GPU still busy: 15 job(s)
08:36:30 GPU still busy: 15 job(s)
08:36:50 GPU still busy: 15 job(s)
08:37:10 GPU still busy: 15 job(s)
08:37:30 GPU still busy: 15 job(s)
08:37:50 GPU still busy: 15 job(s)
08:38:10 GPU still busy: 15 job(s)
08:38:30 GPU still busy: 15 job(s)
08:38:50 GPU still busy: 15 job(s)
08:39:10 GPU still busy: 15 job(s)
08:39:30 GPU still busy: 15 job(s)
08:39:50 GPU still busy: 14 job(s)
08:40:10 GPU still busy: 14 job(s)
08:40:30 GPU still busy: 14 job(s)
08:40:51 GPU still busy: 14 job(s)
08:41:11 GPU still busy: 14 job(s)
08:41:31 GPU still busy: 14 job(s)
08:41:51 GPU still busy: 14 job(s)
08:42:11 GPU still busy: 14 job(s)
08:42:31 GPU still busy: 14 job(s)
08:42:48 waiting for portrait joke queue to finish
08:42:48 GPU still busy: 14 job(s)
08:43:08 GPU still busy: 14 job(s)
08:43:28 GPU still busy: 14 job(s)
08:43:48 GPU still busy: 14 job(s)
08:44:08 GPU still busy: 14 job(s)
08:44:28 GPU still busy: 14 job(s)
08:44:48 GPU still busy: 14 job(s)
08:45:08 GPU still busy: 13 job(s)
08:45:28 GPU still busy: 13 job(s)
08:45:48 GPU still busy: 13 job(s)
08:46:08 GPU still busy: 13 job(s)
08:46:28 GPU still busy: 13 job(s)
08:46:48 GPU still busy: 13 job(s)
08:47:08 GPU still busy: 13 job(s)
08:47:28 GPU still busy: 13 job(s)
08:47:48 GPU still busy: 13 job(s)
08:48:08 GPU still busy: 13 job(s)
08:48:28 GPU still busy: 13 job(s)
08:48:48 GPU still busy: 13 job(s)
08:49:08 GPU still busy: 13 job(s)
08:49:28 GPU still busy: 12 job(s)
08:49:48 GPU still busy: 12 job(s)
08:50:08 GPU still busy: 12 job(s)
08:50:28 GPU still busy: 12 job(s)
08:50:48 GPU still busy: 12 job(s)
08:51:08 GPU still busy: 12 job(s)
08:51:28 GPU still busy: 12 job(s)
08:51:48 GPU still busy: 12 job(s)
08:52:08 GPU still busy: 12 job(s)
08:52:28 GPU still busy: 12 job(s)
08:52:48 GPU still busy: 12 job(s)
08:53:08 GPU still busy: 12 job(s)
08:53:28 GPU still busy: 12 job(s)
08:53:48 GPU still busy: 11 job(s)
08:54:09 GPU still busy: 11 job(s)
08:54:29 GPU still busy: 11 job(s)
08:54:49 GPU still busy: 11 job(s)
08:55:09 GPU still busy: 11 job(s)
08:55:29 GPU still busy: 11 job(s)
08:55:49 GPU still busy: 11 job(s)
08:56:09 GPU still busy: 11 job(s)
08:56:29 GPU still busy: 11 job(s)
08:56:49 GPU still busy: 11 job(s)
08:57:09 GPU still busy: 11 job(s)
08:57:29 GPU still busy: 11 job(s)
08:57:49 GPU still busy: 10 job(s)
08:58:09 GPU still busy: 10 job(s)
08:58:29 GPU still busy: 10 job(s)
08:58:49 GPU still busy: 10 job(s)
08:59:09 GPU still busy: 10 job(s)
08:59:29 GPU still busy: 10 job(s)
08:59:49 GPU still busy: 10 job(s)
09:00:09 GPU still busy: 10 job(s)
09:00:29 GPU still busy: 10 job(s)
09:00:49 GPU still busy: 10 job(s)
09:01:09 GPU still busy: 10 job(s)
09:01:29 GPU still busy: 10 job(s)
09:01:49 GPU still busy: 10 job(s)
09:02:09 GPU still busy: 9 job(s)
09:02:29 GPU still busy: 9 job(s)
09:02:49 GPU still busy: 9 job(s)
09:03:09 GPU still busy: 9 job(s)
09:03:29 GPU still busy: 9 job(s)
09:03:49 GPU still busy: 9 job(s)
09:04:10 GPU still busy: 9 job(s)
09:04:30 GPU still busy: 9 job(s)
09:04:50 GPU still busy: 9 job(s)
09:05:10 GPU still busy: 9 job(s)
09:05:30 GPU still busy: 9 job(s)
09:05:50 GPU still busy: 9 job(s)
09:06:10 GPU still busy: 9 job(s)
09:06:30 GPU still busy: 8 job(s)
09:06:50 GPU still busy: 8 job(s)
09:07:10 GPU still busy: 8 job(s)
09:07:31 GPU still busy: 8 job(s)
09:07:51 GPU still busy: 8 job(s)
09:08:11 GPU still busy: 8 job(s)
09:08:31 GPU still busy: 8 job(s)
09:08:51 GPU still busy: 8 job(s)
09:09:11 GPU still busy: 8 job(s)
09:09:31 GPU still busy: 8 job(s)
09:09:51 GPU still busy: 8 job(s)
09:10:11 GPU still busy: 8 job(s)
09:10:31 GPU still busy: 8 job(s)
09:10:51 GPU still busy: 8 job(s)
09:11:11 GPU still busy: 7 job(s)
09:11:31 GPU still busy: 7 job(s)
09:11:51 GPU still busy: 7 job(s)
09:12:11 GPU still busy: 7 job(s)
09:12:31 GPU still busy: 7 job(s)
09:12:51 GPU still busy: 7 job(s)
09:13:11 GPU still busy: 7 job(s)
09:13:31 GPU still busy: 7 job(s)
09:13:51 GPU still busy: 7 job(s)
09:14:11 GPU still busy: 7 job(s)
09:14:31 GPU still busy: 7 job(s)
09:14:51 GPU still busy: 7 job(s)
09:15:11 GPU still busy: 6 job(s)
09:15:31 GPU still busy: 6 job(s)
09:15:51 GPU still busy: 6 job(s)
09:16:11 GPU still busy: 6 job(s)
09:16:31 GPU still busy: 6 job(s)
09:16:51 GPU still busy: 6 job(s)
09:17:11 GPU still busy: 6 job(s)
09:17:31 GPU still busy: 6 job(s)
09:17:51 GPU still busy: 6 job(s)
09:18:11 GPU still busy: 6 job(s)
09:18:31 GPU still busy: 6 job(s)
09:18:52 GPU still busy: 6 job(s)
09:19:12 GPU still busy: 6 job(s)
09:19:32 GPU still busy: 5 job(s)
09:19:52 GPU still busy: 5 job(s)
09:20:12 GPU still busy: 5 job(s)
09:20:32 GPU still busy: 5 job(s)
09:20:52 GPU still busy: 5 job(s)
09:21:12 GPU still busy: 5 job(s)
09:21:32 GPU still busy: 5 job(s)
09:21:52 GPU still busy: 5 job(s)
09:22:12 GPU still busy: 5 job(s)
09:22:32 GPU still busy: 5 job(s)
09:22:52 GPU still busy: 5 job(s)
09:23:12 GPU still busy: 5 job(s)
09:23:32 GPU still busy: 4 job(s)
09:23:52 GPU still busy: 4 job(s)
09:24:12 GPU still busy: 4 job(s)
09:24:32 GPU still busy: 4 job(s)
09:24:52 GPU still busy: 4 job(s)
09:25:12 GPU still busy: 4 job(s)
09:25:32 GPU still busy: 4 job(s)
09:25:52 GPU still busy: 4 job(s)
09:26:12 GPU still busy: 4 job(s)
09:26:32 GPU still busy: 4 job(s)
09:26:52 GPU still busy: 4 job(s)
09:27:12 GPU still busy: 4 job(s)
09:27:32 GPU still busy: 3 job(s)
09:27:52 GPU still busy: 3 job(s)
09:28:12 GPU still busy: 3 job(s)
09:28:32 GPU still busy: 3 job(s)
09:28:52 GPU still busy: 3 job(s)
09:29:12 GPU still busy: 3 job(s)
09:29:32 GPU still busy: 3 job(s)
09:29:53 GPU still busy: 3 job(s)
09:30:13 GPU still busy: 3 job(s)
09:30:33 GPU still busy: 3 job(s)
09:30:53 GPU still busy: 3 job(s)
09:31:13 GPU still busy: 3 job(s)
09:31:33 GPU still busy: 3 job(s)
09:31:53 GPU still busy: 2 job(s)
09:32:13 GPU still busy: 2 job(s)
09:32:33 GPU still busy: 2 job(s)
09:32:53 GPU still busy: 2 job(s)
09:33:13 GPU still busy: 2 job(s)
09:33:33 GPU still busy: 2 job(s)
09:33:53 GPU still busy: 2 job(s)
09:34:13 GPU still busy: 2 job(s)
09:34:33 GPU still busy: 2 job(s)
09:34:53 GPU still busy: 2 job(s)
09:35:13 GPU still busy: 2 job(s)
09:35:33 GPU still busy: 2 job(s)
09:35:53 GPU still busy: 1 job(s)
09:36:13 GPU still busy: 1 job(s)
09:36:33 GPU still busy: 1 job(s)
09:36:53 GPU still busy: 1 job(s)
09:37:13 GPU still busy: 1 job(s)
09:37:33 GPU still busy: 1 job(s)
09:37:53 GPU still busy: 1 job(s)
09:38:13 GPU still busy: 1 job(s)
09:38:33 GPU still busy: 1 job(s)
09:38:53 GPU still busy: 1 job(s)
09:39:13 GPU still busy: 1 job(s)
09:39:33 GPU still busy: 1 job(s)
09:39:53 GPU still busy: 1 job(s)
09:40:13 starting MiniMax Music song
09:40:13 MiniMax Music job minimax-music-972889cc01f2
09:40:13 MiniMax Music queued: 1 MiniMax Music candidate(s) queued
09:40:21 MiniMax Music failed: MiniMax Music rejected the request: This Music API is no longer available to new users. Existing paying customers can continue to use the service. For new access, please try MiniMax Audio (https://www.minimax.io/audio) or the open-source model at https://huggingface.co/MiniMaxAI/MiniMax-Music3
09:40:21 MiniMax Music unavailable (MiniMax Music failed: MiniMax Music rejected the request: This Music API is no longer available to new users. Existing paying customers can continue to use the service. For new access, please try MiniMax Audio (https://www.minimax.io/audio) or the open-source model at https://huggingface.co/MiniMaxAI/MiniMax-Music3)
09:40:21 reusing existing local song 2026-08-20-08h27m07s_seed607414041_[Estrofa]Bajo la montaña el fuego no duermeel pico golpea el corazón de piedraoro en las vetas,.wav
09:40:21 song source=ace_step_existing file=2026-08-20-08h27m07s_seed607414041_[Estrofa]Bajo la montaña el fuego no duermeel pico golpea el corazón de piedraoro en las vetas,.wav
09:40:21 analyzing song
09:40:34 planning landscape clips
09:40:34 planned 4 landscape clips; MiniMax M3 will write prompts
09:40:34 starting landscape music video
09:40:34 pipeline dcd06270
